---
source: xc3_shader/src/shader_database.rs
---
"o0.x": "Mul(vColor.x, Mix(Texture(s0, vTex0.x, vTex0.y).x, Texture(s1, vTex0.x, vTex0.y).x, U_Mate.gWrkFl4[1].z))"
"o0.y": "Mul(vColor.y, Mix(Texture(s0, vTex0.x, vTex0.y).y, Texture(s1, vTex0.x, vTex0.y).y, U_Mate.gWrkFl4[1].z))"
"o0.z": "Mul(vColor.z, Mix(Texture(s0, vTex0.x, vTex0.y).z, Texture(s1, vTex0.x, vTex0.y).z, U_Mate.gWrkFl4[1].z))"
"o0.w": "Unk()"
"o1.x": "Mul(Texture(s7, vTex0.x, vTex0.y).z, U_Mate.gWrkFl4[2].x)"
"o1.y": "Mix(U_Mate.gWrkFl4[0].x, Texture(s7, vTex0.x, vTex0.y).x, U_Mate.gWrkFl4[1].w)"
"o1.z": "U_Mate.gWrkFl4[2].y"
"o1.w": "0.07098039"
"o2.x": "AddNormalX(AddNormalX(Texture(s2, vTex0.x, vTex0.y).x, Texture(s2, vTex0.x, vTex0.y).y, Texture(s3, Mul(vTex0.x, U_Mate.gWrkFl4[0].z), Mul(vTex0.y, U_Mate.gWrkFl4[0].w)).x, Texture(s3, Mul(vTex0.x, U_Mate.gWrkFl4[0].z), Mul(vTex0.y, U_Mate.gWrkFl4[0].w)).y, Texture(s4, vTex0.x, vTex0.y).x), AddNormalY(Texture(s2, vTex0.x, vTex0.y).x, Texture(s2, vTex0.x, vTex0.y).y, Texture(s3, Mul(vTex0.x, U_Mate.gWrkFl4[0].z), Mul(vTex0.y, U_Mate.gWrkFl4[0].w)).x, Texture(s3, Mul(vTex0.x, U_Mate.gWrkFl4[0].z), Mul(vTex0.y, U_Mate.gWrkFl4[0].w)).y, Texture(s4, vTex0.x, vTex0.y).x), Texture(s5, Mul(vTex0.x, U_Mate.gWrkFl4[1].x), Mul(vTex0.y, U_Mate.gWrkFl4[1].y)).x, Texture(s5, Mul(vTex0.x, U_Mate.gWrkFl4[1].x), Mul(vTex0.y, U_Mate.gWrkFl4[1].y)).y, Texture(s6, vTex0.x, vTex0.y).x)"
"o2.y": "AddNormalY(AddNormalX(Texture(s2, vTex0.x, vTex0.y).x, Texture(s2, vTex0.x, vTex0.y).y, Texture(s3, Mul(vTex0.x, U_Mate.gWrkFl4[0].z), Mul(vTex0.y, U_Mate.gWrkFl4[0].w)).x, Texture(s3, Mul(vTex0.x, U_Mate.gWrkFl4[0].z), Mul(vTex0.y, U_Mate.gWrkFl4[0].w)).y, Texture(s4, vTex0.x, vTex0.y).x), AddNormalY(Texture(s2, vTex0.x, vTex0.y).x, Texture(s2, vTex0.x, vTex0.y).y, Texture(s3, Mul(vTex0.x, U_Mate.gWrkFl4[0].z), Mul(vTex0.y, U_Mate.gWrkFl4[0].w)).x, Texture(s3, Mul(vTex0.x, U_Mate.gWrkFl4[0].z), Mul(vTex0.y, U_Mate.gWrkFl4[0].w)).y, Texture(s4, vTex0.x, vTex0.y).x), Texture(s5, Mul(vTex0.x, U_Mate.gWrkFl4[1].x), Mul(vTex0.y, U_Mate.gWrkFl4[1].y)).x, Texture(s5, Mul(vTex0.x, U_Mate.gWrkFl4[1].x), Mul(vTex0.y, U_Mate.gWrkFl4[1].y)).y, Texture(s6, vTex0.x, vTex0.y).x)"
"o2.z": "Mul(Texture(s7, vTex0.x, vTex0.y).y, Max(vColor.z, Max(vColor.x, vColor.y)))"
"o3.x": "Div(1.0, Unk())"
"o3.y": "Div(1.0, Unk())"
"o3.z": "0.0"
"o3.w": "Add(Fma(Select(Unk(), 0.0, 1.0), 0.33333334, Mul(Select(Unk(), 0.0, 1.0), 0.6666667)), 0.01)"
"o4.x": "Sub(Mul(vPos.z, 8.0), Floor(Mul(vPos.z, 8.0)))"
"o4.y": "Sub(Mul(Floor(Mul(vPos.z, 8.0)), 0.003921569), Floor(Mul(Floor(Mul(vPos.z, 8.0)), 0.003921569)))"
"o4.z": "Mul(Floor(Mul(Floor(Mul(vPos.z, 8.0)), 0.003921569)), 0.003921569)"
"o4.w": "0.0"
"o5.x": "Texture(s8, vTex0.x, vTex0.y).x"
"o5.y": "Texture(s8, vTex0.x, vTex0.y).y"
"o5.z": "Texture(s8, vTex0.x, vTex0.y).z"
"o5.w": "0.0"
outline_width: None
normal_intensity: None
