---
source: xc3_shader/src/shader_database.rs
---
"o0.x": "Mix(Fma(Texture(gTResidentTex03, Fma(ReflectX(vPos.x, vPos.y, vPos.z, NormalMapX(AddNormalX(Texture(s2, vTex0.x, vTex0.y).x, Texture(s2, vTex0.x, vTex0.y).y, Texture(gTResidentTex09, Mul(vTex0.x, U_Mate.gWrkFl4[0].z), Mul(vTex0.y, U_Mate.gWrkFl4[0].w)).x, Texture(gTResidentTex09, Mul(vTex0.x, U_Mate.gWrkFl4[0].z), Mul(vTex0.y, U_Mate.gWrkFl4[0].w)).y, U_Mate.gWrkFl4[2].x), AddNormalY(Texture(s2, vTex0.x, vTex0.y).x, Texture(s2, vTex0.x, vTex0.y).y, Texture(gTResidentTex09, Mul(vTex0.x, U_Mate.gWrkFl4[0].z), Mul(vTex0.y, U_Mate.gWrkFl4[0].w)).x, Texture(gTResidentTex09, Mul(vTex0.x, U_Mate.gWrkFl4[0].z), Mul(vTex0.y, U_Mate.gWrkFl4[0].w)).y, U_Mate.gWrkFl4[2].x)), NormalMapY(AddNormalX(Texture(s2, vTex0.x, vTex0.y).x, Texture(s2, vTex0.x, vTex0.y).y, Texture(gTResidentTex09, Mul(vTex0.x, U_Mate.gWrkFl4[0].z), Mul(vTex0.y, U_Mate.gWrkFl4[0].w)).x, Texture(gTResidentTex09, Mul(vTex0.x, U_Mate.gWrkFl4[0].z), Mul(vTex0.y, U_Mate.gWrkFl4[0].w)).y, U_Mate.gWrkFl4[2].x), AddNormalY(Texture(s2, vTex0.x, vTex0.y).x, Texture(s2, vTex0.x, vTex0.y).y, Texture(gTResidentTex09, Mul(vTex0.x, U_Mate.gWrkFl4[0].z), Mul(vTex0.y, U_Mate.gWrkFl4[0].w)).x, Texture(gTResidentTex09, Mul(vTex0.x, U_Mate.gWrkFl4[0].z), Mul(vTex0.y, U_Mate.gWrkFl4[0].w)).y, U_Mate.gWrkFl4[2].x)), NormalMapZ(AddNormalX(Texture(s2, vTex0.x, vTex0.y).x, Texture(s2, vTex0.x, vTex0.y).y, Texture(gTResidentTex09, Mul(vTex0.x, U_Mate.gWrkFl4[0].z), Mul(vTex0.y, U_Mate.gWrkFl4[0].w)).x, Texture(gTResidentTex09, Mul(vTex0.x, U_Mate.gWrkFl4[0].z), Mul(vTex0.y, U_Mate.gWrkFl4[0].w)).y, U_Mate.gWrkFl4[2].x), AddNormalY(Texture(s2, vTex0.x, vTex0.y).x, Texture(s2, vTex0.x, vTex0.y).y, Texture(gTResidentTex09, Mul(vTex0.x, U_Mate.gWrkFl4[0].z), Mul(vTex0.y, U_Mate.gWrkFl4[0].w)).x, Texture(gTResidentTex09, Mul(vTex0.x, U_Mate.gWrkFl4[0].z), Mul(vTex0.y, U_Mate.gWrkFl4[0].w)).y, U_Mate.gWrkFl4[2].x))), U_Mate.gWrkFl4[1].x, 0.5), Fma(ReflectX(vPos.y, vPos.y, vPos.z, NormalMapX(AddNormalX(Texture(s2, vTex0.x, vTex0.y).x, Texture(s2, vTex0.x, vTex0.y).y, Texture(gTResidentTex09, Mul(vTex0.x, U_Mate.gWrkFl4[0].z), Mul(vTex0.y, U_Mate.gWrkFl4[0].w)).x, Texture(gTResidentTex09, Mul(vTex0.x, U_Mate.gWrkFl4[0].z), Mul(vTex0.y, U_Mate.gWrkFl4[0].w)).y, U_Mate.gWrkFl4[2].x), AddNormalY(Texture(s2, vTex0.x, vTex0.y).x, Texture(s2, vTex0.x, vTex0.y).y, Texture(gTResidentTex09, Mul(vTex0.x, U_Mate.gWrkFl4[0].z), Mul(vTex0.y, U_Mate.gWrkFl4[0].w)).x, Texture(gTResidentTex09, Mul(vTex0.x, U_Mate.gWrkFl4[0].z), Mul(vTex0.y, U_Mate.gWrkFl4[0].w)).y, U_Mate.gWrkFl4[2].x)), NormalMapY(AddNormalX(Texture(s2, vTex0.x, vTex0.y).x, Texture(s2, vTex0.x, vTex0.y).y, Texture(gTResidentTex09, Mul(vTex0.x, U_Mate.gWrkFl4[0].z), Mul(vTex0.y, U_Mate.gWrkFl4[0].w)).x, Texture(gTResidentTex09, Mul(vTex0.x, U_Mate.gWrkFl4[0].z), Mul(vTex0.y, U_Mate.gWrkFl4[0].w)).y, U_Mate.gWrkFl4[2].x), AddNormalY(Texture(s2, vTex0.x, vTex0.y).x, Texture(s2, vTex0.x, vTex0.y).y, Texture(gTResidentTex09, Mul(vTex0.x, U_Mate.gWrkFl4[0].z), Mul(vTex0.y, U_Mate.gWrkFl4[0].w)).x, Texture(gTResidentTex09, Mul(vTex0.x, U_Mate.gWrkFl4[0].z), Mul(vTex0.y, U_Mate.gWrkFl4[0].w)).y, U_Mate.gWrkFl4[2].x)), NormalMapZ(AddNormalX(Texture(s2, vTex0.x, vTex0.y).x, Texture(s2, vTex0.x, vTex0.y).y, Texture(gTResidentTex09, Mul(vTex0.x, U_Mate.gWrkFl4[0].z), Mul(vTex0.y, U_Mate.gWrkFl4[0].w)).x, Texture(gTResidentTex09, Mul(vTex0.x, U_Mate.gWrkFl4[0].z), Mul(vTex0.y, U_Mate.gWrkFl4[0].w)).y, U_Mate.gWrkFl4[2].x), AddNormalY(Texture(s2, vTex0.x, vTex0.y).x, Texture(s2, vTex0.x, vTex0.y).y, Texture(gTResidentTex09, Mul(vTex0.x, U_Mate.gWrkFl4[0].z), Mul(vTex0.y, U_Mate.gWrkFl4[0].w)).x, Texture(gTResidentTex09, Mul(vTex0.x, U_Mate.gWrkFl4[0].z), Mul(vTex0.y, U_Mate.gWrkFl4[0].w)).y, U_Mate.gWrkFl4[2].x))), U_Mate.gWrkFl4[1].y, 0.5)).x, Texture(s1, vTex0.x, vTex0.y).x, Texture(s0, vTex0.x, vTex0.y).x), Texture(gTResidentTex04, Mul(vTex0.x, U_Mate.gWrkFl4[0].x), Mul(vTex0.y, U_Mate.gWrkFl4[0].y)).x, MulRatio(Mul(Texture(s1, vTex0.x, vTex0.y).y, U_Mate.gWrkFl4[1].z), Texture(gTResidentTex05, TexMatrix(vTex0.x, vTex0.y, U_Mate.gTexMat[0].x, U_Mate.gTexMat[0].y, U_Mate.gTexMat[0].z, U_Mate.gTexMat[0].w), TexMatrix(vTex0.x, vTex0.y, U_Mate.gTexMat[1].x, U_Mate.gTexMat[1].y, U_Mate.gTexMat[1].z, U_Mate.gTexMat[1].w)).x, U_Mate.gWrkFl4[1].w))"
"o0.y": "Mix(Fma(Texture(gTResidentTex03, Fma(ReflectX(vPos.x, vPos.y, vPos.z, NormalMapX(AddNormalX(Texture(s2, vTex0.x, vTex0.y).x, Texture(s2, vTex0.x, vTex0.y).y, Texture(gTResidentTex09, Mul(vTex0.x, U_Mate.gWrkFl4[0].z), Mul(vTex0.y, U_Mate.gWrkFl4[0].w)).x, Texture(gTResidentTex09, Mul(vTex0.x, U_Mate.gWrkFl4[0].z), Mul(vTex0.y, U_Mate.gWrkFl4[0].w)).y, U_Mate.gWrkFl4[2].x), AddNormalY(Texture(s2, vTex0.x, vTex0.y).x, Texture(s2, vTex0.x, vTex0.y).y, Texture(gTResidentTex09, Mul(vTex0.x, U_Mate.gWrkFl4[0].z), Mul(vTex0.y, U_Mate.gWrkFl4[0].w)).x, Texture(gTResidentTex09, Mul(vTex0.x, U_Mate.gWrkFl4[0].z), Mul(vTex0.y, U_Mate.gWrkFl4[0].w)).y, U_Mate.gWrkFl4[2].x)), NormalMapY(AddNormalX(Texture(s2, vTex0.x, vTex0.y).x, Texture(s2, vTex0.x, vTex0.y).y, Texture(gTResidentTex09, Mul(vTex0.x, U_Mate.gWrkFl4[0].z), Mul(vTex0.y, U_Mate.gWrkFl4[0].w)).x, Texture(gTResidentTex09, Mul(vTex0.x, U_Mate.gWrkFl4[0].z), Mul(vTex0.y, U_Mate.gWrkFl4[0].w)).y, U_Mate.gWrkFl4[2].x), AddNormalY(Texture(s2, vTex0.x, vTex0.y).x, Texture(s2, vTex0.x, vTex0.y).y, Texture(gTResidentTex09, Mul(vTex0.x, U_Mate.gWrkFl4[0].z), Mul(vTex0.y, U_Mate.gWrkFl4[0].w)).x, Texture(gTResidentTex09, Mul(vTex0.x, U_Mate.gWrkFl4[0].z), Mul(vTex0.y, U_Mate.gWrkFl4[0].w)).y, U_Mate.gWrkFl4[2].x)), NormalMapZ(AddNormalX(Texture(s2, vTex0.x, vTex0.y).x, Texture(s2, vTex0.x, vTex0.y).y, Texture(gTResidentTex09, Mul(vTex0.x, U_Mate.gWrkFl4[0].z), Mul(vTex0.y, U_Mate.gWrkFl4[0].w)).x, Texture(gTResidentTex09, Mul(vTex0.x, U_Mate.gWrkFl4[0].z), Mul(vTex0.y, U_Mate.gWrkFl4[0].w)).y, U_Mate.gWrkFl4[2].x), AddNormalY(Texture(s2, vTex0.x, vTex0.y).x, Texture(s2, vTex0.x, vTex0.y).y, Texture(gTResidentTex09, Mul(vTex0.x, U_Mate.gWrkFl4[0].z), Mul(vTex0.y, U_Mate.gWrkFl4[0].w)).x, Texture(gTResidentTex09, Mul(vTex0.x, U_Mate.gWrkFl4[0].z), Mul(vTex0.y, U_Mate.gWrkFl4[0].w)).y, U_Mate.gWrkFl4[2].x))), U_Mate.gWrkFl4[1].x, 0.5), Fma(ReflectX(vPos.y, vPos.y, vPos.z, NormalMapX(AddNormalX(Texture(s2, vTex0.x, vTex0.y).x, Texture(s2, vTex0.x, vTex0.y).y, Texture(gTResidentTex09, Mul(vTex0.x, U_Mate.gWrkFl4[0].z), Mul(vTex0.y, U_Mate.gWrkFl4[0].w)).x, Texture(gTResidentTex09, Mul(vTex0.x, U_Mate.gWrkFl4[0].z), Mul(vTex0.y, U_Mate.gWrkFl4[0].w)).y, U_Mate.gWrkFl4[2].x), AddNormalY(Texture(s2, vTex0.x, vTex0.y).x, Texture(s2, vTex0.x, vTex0.y).y, Texture(gTResidentTex09, Mul(vTex0.x, U_Mate.gWrkFl4[0].z), Mul(vTex0.y, U_Mate.gWrkFl4[0].w)).x, Texture(gTResidentTex09, Mul(vTex0.x, U_Mate.gWrkFl4[0].z), Mul(vTex0.y, U_Mate.gWrkFl4[0].w)).y, U_Mate.gWrkFl4[2].x)), NormalMapY(AddNormalX(Texture(s2, vTex0.x, vTex0.y).x, Texture(s2, vTex0.x, vTex0.y).y, Texture(gTResidentTex09, Mul(vTex0.x, U_Mate.gWrkFl4[0].z), Mul(vTex0.y, U_Mate.gWrkFl4[0].w)).x, Texture(gTResidentTex09, Mul(vTex0.x, U_Mate.gWrkFl4[0].z), Mul(vTex0.y, U_Mate.gWrkFl4[0].w)).y, U_Mate.gWrkFl4[2].x), AddNormalY(Texture(s2, vTex0.x, vTex0.y).x, Texture(s2, vTex0.x, vTex0.y).y, Texture(gTResidentTex09, Mul(vTex0.x, U_Mate.gWrkFl4[0].z), Mul(vTex0.y, U_Mate.gWrkFl4[0].w)).x, Texture(gTResidentTex09, Mul(vTex0.x, U_Mate.gWrkFl4[0].z), Mul(vTex0.y, U_Mate.gWrkFl4[0].w)).y, U_Mate.gWrkFl4[2].x)), NormalMapZ(AddNormalX(Texture(s2, vTex0.x, vTex0.y).x, Texture(s2, vTex0.x, vTex0.y).y, Texture(gTResidentTex09, Mul(vTex0.x, U_Mate.gWrkFl4[0].z), Mul(vTex0.y, U_Mate.gWrkFl4[0].w)).x, Texture(gTResidentTex09, Mul(vTex0.x, U_Mate.gWrkFl4[0].z), Mul(vTex0.y, U_Mate.gWrkFl4[0].w)).y, U_Mate.gWrkFl4[2].x), AddNormalY(Texture(s2, vTex0.x, vTex0.y).x, Texture(s2, vTex0.x, vTex0.y).y, Texture(gTResidentTex09, Mul(vTex0.x, U_Mate.gWrkFl4[0].z), Mul(vTex0.y, U_Mate.gWrkFl4[0].w)).x, Texture(gTResidentTex09, Mul(vTex0.x, U_Mate.gWrkFl4[0].z), Mul(vTex0.y, U_Mate.gWrkFl4[0].w)).y, U_Mate.gWrkFl4[2].x))), U_Mate.gWrkFl4[1].y, 0.5)).y, Texture(s1, vTex0.x, vTex0.y).x, Texture(s0, vTex0.x, vTex0.y).y), Texture(gTResidentTex04, Mul(vTex0.x, U_Mate.gWrkFl4[0].x), Mul(vTex0.y, U_Mate.gWrkFl4[0].y)).y, MulRatio(Mul(Texture(s1, vTex0.x, vTex0.y).y, U_Mate.gWrkFl4[1].z), Texture(gTResidentTex05, TexMatrix(vTex0.x, vTex0.y, U_Mate.gTexMat[0].x, U_Mate.gTexMat[0].y, U_Mate.gTexMat[0].z, U_Mate.gTexMat[0].w), TexMatrix(vTex0.x, vTex0.y, U_Mate.gTexMat[1].x, U_Mate.gTexMat[1].y, U_Mate.gTexMat[1].z, U_Mate.gTexMat[1].w)).x, U_Mate.gWrkFl4[1].w))"
"o0.z": "Mix(Fma(Texture(gTResidentTex03, Fma(ReflectX(vPos.x, vPos.y, vPos.z, NormalMapX(AddNormalX(Texture(s2, vTex0.x, vTex0.y).x, Texture(s2, vTex0.x, vTex0.y).y, Texture(gTResidentTex09, Mul(vTex0.x, U_Mate.gWrkFl4[0].z), Mul(vTex0.y, U_Mate.gWrkFl4[0].w)).x, Texture(gTResidentTex09, Mul(vTex0.x, U_Mate.gWrkFl4[0].z), Mul(vTex0.y, U_Mate.gWrkFl4[0].w)).y, U_Mate.gWrkFl4[2].x), AddNormalY(Texture(s2, vTex0.x, vTex0.y).x, Texture(s2, vTex0.x, vTex0.y).y, Texture(gTResidentTex09, Mul(vTex0.x, U_Mate.gWrkFl4[0].z), Mul(vTex0.y, U_Mate.gWrkFl4[0].w)).x, Texture(gTResidentTex09, Mul(vTex0.x, U_Mate.gWrkFl4[0].z), Mul(vTex0.y, U_Mate.gWrkFl4[0].w)).y, U_Mate.gWrkFl4[2].x)), NormalMapY(AddNormalX(Texture(s2, vTex0.x, vTex0.y).x, Texture(s2, vTex0.x, vTex0.y).y, Texture(gTResidentTex09, Mul(vTex0.x, U_Mate.gWrkFl4[0].z), Mul(vTex0.y, U_Mate.gWrkFl4[0].w)).x, Texture(gTResidentTex09, Mul(vTex0.x, U_Mate.gWrkFl4[0].z), Mul(vTex0.y, U_Mate.gWrkFl4[0].w)).y, U_Mate.gWrkFl4[2].x), AddNormalY(Texture(s2, vTex0.x, vTex0.y).x, Texture(s2, vTex0.x, vTex0.y).y, Texture(gTResidentTex09, Mul(vTex0.x, U_Mate.gWrkFl4[0].z), Mul(vTex0.y, U_Mate.gWrkFl4[0].w)).x, Texture(gTResidentTex09, Mul(vTex0.x, U_Mate.gWrkFl4[0].z), Mul(vTex0.y, U_Mate.gWrkFl4[0].w)).y, U_Mate.gWrkFl4[2].x)), NormalMapZ(AddNormalX(Texture(s2, vTex0.x, vTex0.y).x, Texture(s2, vTex0.x, vTex0.y).y, Texture(gTResidentTex09, Mul(vTex0.x, U_Mate.gWrkFl4[0].z), Mul(vTex0.y, U_Mate.gWrkFl4[0].w)).x, Texture(gTResidentTex09, Mul(vTex0.x, U_Mate.gWrkFl4[0].z), Mul(vTex0.y, U_Mate.gWrkFl4[0].w)).y, U_Mate.gWrkFl4[2].x), AddNormalY(Texture(s2, vTex0.x, vTex0.y).x, Texture(s2, vTex0.x, vTex0.y).y, Texture(gTResidentTex09, Mul(vTex0.x, U_Mate.gWrkFl4[0].z), Mul(vTex0.y, U_Mate.gWrkFl4[0].w)).x, Texture(gTResidentTex09, Mul(vTex0.x, U_Mate.gWrkFl4[0].z), Mul(vTex0.y, U_Mate.gWrkFl4[0].w)).y, U_Mate.gWrkFl4[2].x))), U_Mate.gWrkFl4[1].x, 0.5), Fma(ReflectX(vPos.y, vPos.y, vPos.z, NormalMapX(AddNormalX(Texture(s2, vTex0.x, vTex0.y).x, Texture(s2, vTex0.x, vTex0.y).y, Texture(gTResidentTex09, Mul(vTex0.x, U_Mate.gWrkFl4[0].z), Mul(vTex0.y, U_Mate.gWrkFl4[0].w)).x, Texture(gTResidentTex09, Mul(vTex0.x, U_Mate.gWrkFl4[0].z), Mul(vTex0.y, U_Mate.gWrkFl4[0].w)).y, U_Mate.gWrkFl4[2].x), AddNormalY(Texture(s2, vTex0.x, vTex0.y).x, Texture(s2, vTex0.x, vTex0.y).y, Texture(gTResidentTex09, Mul(vTex0.x, U_Mate.gWrkFl4[0].z), Mul(vTex0.y, U_Mate.gWrkFl4[0].w)).x, Texture(gTResidentTex09, Mul(vTex0.x, U_Mate.gWrkFl4[0].z), Mul(vTex0.y, U_Mate.gWrkFl4[0].w)).y, U_Mate.gWrkFl4[2].x)), NormalMapY(AddNormalX(Texture(s2, vTex0.x, vTex0.y).x, Texture(s2, vTex0.x, vTex0.y).y, Texture(gTResidentTex09, Mul(vTex0.x, U_Mate.gWrkFl4[0].z), Mul(vTex0.y, U_Mate.gWrkFl4[0].w)).x, Texture(gTResidentTex09, Mul(vTex0.x, U_Mate.gWrkFl4[0].z), Mul(vTex0.y, U_Mate.gWrkFl4[0].w)).y, U_Mate.gWrkFl4[2].x), AddNormalY(Texture(s2, vTex0.x, vTex0.y).x, Texture(s2, vTex0.x, vTex0.y).y, Texture(gTResidentTex09, Mul(vTex0.x, U_Mate.gWrkFl4[0].z), Mul(vTex0.y, U_Mate.gWrkFl4[0].w)).x, Texture(gTResidentTex09, Mul(vTex0.x, U_Mate.gWrkFl4[0].z), Mul(vTex0.y, U_Mate.gWrkFl4[0].w)).y, U_Mate.gWrkFl4[2].x)), NormalMapZ(AddNormalX(Texture(s2, vTex0.x, vTex0.y).x, Texture(s2, vTex0.x, vTex0.y).y, Texture(gTResidentTex09, Mul(vTex0.x, U_Mate.gWrkFl4[0].z), Mul(vTex0.y, U_Mate.gWrkFl4[0].w)).x, Texture(gTResidentTex09, Mul(vTex0.x, U_Mate.gWrkFl4[0].z), Mul(vTex0.y, U_Mate.gWrkFl4[0].w)).y, U_Mate.gWrkFl4[2].x), AddNormalY(Texture(s2, vTex0.x, vTex0.y).x, Texture(s2, vTex0.x, vTex0.y).y, Texture(gTResidentTex09, Mul(vTex0.x, U_Mate.gWrkFl4[0].z), Mul(vTex0.y, U_Mate.gWrkFl4[0].w)).x, Texture(gTResidentTex09, Mul(vTex0.x, U_Mate.gWrkFl4[0].z), Mul(vTex0.y, U_Mate.gWrkFl4[0].w)).y, U_Mate.gWrkFl4[2].x))), U_Mate.gWrkFl4[1].y, 0.5)).z, Texture(s1, vTex0.x, vTex0.y).x, Texture(s0, vTex0.x, vTex0.y).z), Texture(gTResidentTex04, Mul(vTex0.x, U_Mate.gWrkFl4[0].x), Mul(vTex0.y, U_Mate.gWrkFl4[0].y)).z, MulRatio(Mul(Texture(s1, vTex0.x, vTex0.y).y, U_Mate.gWrkFl4[1].z), Texture(gTResidentTex05, TexMatrix(vTex0.x, vTex0.y, U_Mate.gTexMat[0].x, U_Mate.gTexMat[0].y, U_Mate.gTexMat[0].z, U_Mate.gTexMat[0].w), TexMatrix(vTex0.x, vTex0.y, U_Mate.gTexMat[1].x, U_Mate.gTexMat[1].y, U_Mate.gTexMat[1].z, U_Mate.gTexMat[1].w)).x, U_Mate.gWrkFl4[1].w))"
"o0.w": "Mul(Unk(), 0.003921569)"
"o1.x": "Texture(s3, vTex0.x, vTex0.y).z"
"o1.y": "Texture(s3, vTex0.x, vTex0.y).x"
"o1.z": "U_Mate.gWrkFl4[2].y"
"o1.w": "0.008235293"
"o2.x": "AddNormalX(Texture(s2, vTex0.x, vTex0.y).x, Texture(s2, vTex0.x, vTex0.y).y, Texture(gTResidentTex09, Mul(vTex0.x, U_Mate.gWrkFl4[0].z), Mul(vTex0.y, U_Mate.gWrkFl4[0].w)).x, Texture(gTResidentTex09, Mul(vTex0.x, U_Mate.gWrkFl4[0].z), Mul(vTex0.y, U_Mate.gWrkFl4[0].w)).y, U_Mate.gWrkFl4[2].x)"
"o2.y": "AddNormalY(Texture(s2, vTex0.x, vTex0.y).x, Texture(s2, vTex0.x, vTex0.y).y, Texture(gTResidentTex09, Mul(vTex0.x, U_Mate.gWrkFl4[0].z), Mul(vTex0.y, U_Mate.gWrkFl4[0].w)).x, Texture(gTResidentTex09, Mul(vTex0.x, U_Mate.gWrkFl4[0].z), Mul(vTex0.y, U_Mate.gWrkFl4[0].w)).y, U_Mate.gWrkFl4[2].x)"
"o2.z": "Texture(s3, vTex0.x, vTex0.y).y"
"o3.x": "Div(1.0, Unk())"
"o3.y": "Div(1.0, Unk())"
"o3.z": "0.0"
"o3.w": "Add(Fma(Select(GreaterEqual(Div(Mul(Fma(Div(1.0, vPos.w), vPos.x, Sub(0.0, Div(Add(Fma(Fma(Unk(), vPos.w, Fma(Unk(), vPos.z, Fma(Unk(), vPos.y, Mul(Unk(), vPos.x)))), U_Static.gmProj[0].z, Fma(Fma(Unk(), vPos.w, Fma(Unk(), vPos.z, Fma(Unk(), vPos.y, Mul(Unk(), vPos.x)))), U_Static.gmProj[0].y, Mul(Fma(Unk(), vPos.w, Fma(Unk(), vPos.z, Fma(Unk(), vPos.y, Mul(Unk(), vPos.x)))), U_Static.gmProj[0].x))), U_Static.gmProj[0].w), Add(Fma(Fma(Unk(), vPos.w, Fma(Unk(), vPos.z, Fma(Unk(), vPos.y, Mul(Unk(), vPos.x)))), U_Static.gmProj[3].z, Fma(Fma(Unk(), vPos.w, Fma(Unk(), vPos.z, Fma(Unk(), vPos.y, Mul(Unk(), vPos.x)))), U_Static.gmProj[3].y, Mul(Fma(Unk(), vPos.w, Fma(Unk(), vPos.z, Fma(Unk(), vPos.y, Mul(Unk(), vPos.x)))), U_Static.gmProj[3].x))), U_Static.gmProj[3].w)))), 0.5), Max(Max(Abs(Mul(Fma(Div(1.0, vPos.w), vPos.x, Sub(0.0, Div(Add(Fma(Fma(Unk(), vPos.w, Fma(Unk(), vPos.z, Fma(Unk(), vPos.y, Mul(Unk(), vPos.x)))), U_Static.gmProj[0].z, Fma(Fma(Unk(), vPos.w, Fma(Unk(), vPos.z, Fma(Unk(), vPos.y, Mul(Unk(), vPos.x)))), U_Static.gmProj[0].y, Mul(Fma(Unk(), vPos.w, Fma(Unk(), vPos.z, Fma(Unk(), vPos.y, Mul(Unk(), vPos.x)))), U_Static.gmProj[0].x))), U_Static.gmProj[0].w), Add(Fma(Fma(Unk(), vPos.w, Fma(Unk(), vPos.z, Fma(Unk(), vPos.y, Mul(Unk(), vPos.x)))), U_Static.gmProj[3].z, Fma(Fma(Unk(), vPos.w, Fma(Unk(), vPos.z, Fma(Unk(), vPos.y, Mul(Unk(), vPos.x)))), U_Static.gmProj[3].y, Mul(Fma(Unk(), vPos.w, Fma(Unk(), vPos.z, Fma(Unk(), vPos.y, Mul(Unk(), vPos.x)))), U_Static.gmProj[3].x))), U_Static.gmProj[3].w)))), 0.5)), Abs(Mul(Fma(Div(1.0, vPos.w), vPos.y, Sub(0.0, Div(Add(Fma(Fma(Unk(), vPos.w, Fma(Unk(), vPos.z, Fma(Unk(), vPos.y, Mul(Unk(), vPos.x)))), U_Static.gmProj[1].z, Fma(Fma(Unk(), vPos.w, Fma(Unk(), vPos.z, Fma(Unk(), vPos.y, Mul(Unk(), vPos.x)))), U_Static.gmProj[1].y, Mul(Fma(Unk(), vPos.w, Fma(Unk(), vPos.z, Fma(Unk(), vPos.y, Mul(Unk(), vPos.x)))), U_Static.gmProj[1].x))), U_Static.gmProj[1].w), Add(Fma(Fma(Unk(), vPos.w, Fma(Unk(), vPos.z, Fma(Unk(), vPos.y, Mul(Unk(), vPos.x)))), U_Static.gmProj[3].z, Fma(Fma(Unk(), vPos.w, Fma(Unk(), vPos.z, Fma(Unk(), vPos.y, Mul(Unk(), vPos.x)))), U_Static.gmProj[3].y, Mul(Fma(Unk(), vPos.w, Fma(Unk(), vPos.z, Fma(Unk(), vPos.y, Mul(Unk(), vPos.x)))), U_Static.gmProj[3].x))), U_Static.gmProj[3].w)))), 0.5))), 1.0)), 0.0), 1.0, 0.0), 0.33333334, Mul(Select(GreaterEqual(Div(Mul(Fma(Div(1.0, vPos.w), vPos.y, Sub(0.0, Div(Add(Fma(Fma(Unk(), vPos.w, Fma(Unk(), vPos.z, Fma(Unk(), vPos.y, Mul(Unk(), vPos.x)))), U_Static.gmProj[1].z, Fma(Fma(Unk(), vPos.w, Fma(Unk(), vPos.z, Fma(Unk(), vPos.y, Mul(Unk(), vPos.x)))), U_Static.gmProj[1].y, Mul(Fma(Unk(), vPos.w, Fma(Unk(), vPos.z, Fma(Unk(), vPos.y, Mul(Unk(), vPos.x)))), U_Static.gmProj[1].x))), U_Static.gmProj[1].w), Add(Fma(Fma(Unk(), vPos.w, Fma(Unk(), vPos.z, Fma(Unk(), vPos.y, Mul(Unk(), vPos.x)))), U_Static.gmProj[3].z, Fma(Fma(Unk(), vPos.w, Fma(Unk(), vPos.z, Fma(Unk(), vPos.y, Mul(Unk(), vPos.x)))), U_Static.gmProj[3].y, Mul(Fma(Unk(), vPos.w, Fma(Unk(), vPos.z, Fma(Unk(), vPos.y, Mul(Unk(), vPos.x)))), U_Static.gmProj[3].x))), U_Static.gmProj[3].w)))), 0.5), Max(Max(Abs(Mul(Fma(Div(1.0, vPos.w), vPos.x, Sub(0.0, Div(Add(Fma(Fma(Unk(), vPos.w, Fma(Unk(), vPos.z, Fma(Unk(), vPos.y, Mul(Unk(), vPos.x)))), U_Static.gmProj[0].z, Fma(Fma(Unk(), vPos.w, Fma(Unk(), vPos.z, Fma(Unk(), vPos.y, Mul(Unk(), vPos.x)))), U_Static.gmProj[0].y, Mul(Fma(Unk(), vPos.w, Fma(Unk(), vPos.z, Fma(Unk(), vPos.y, Mul(Unk(), vPos.x)))), U_Static.gmProj[0].x))), U_Static.gmProj[0].w), Add(Fma(Fma(Unk(), vPos.w, Fma(Unk(), vPos.z, Fma(Unk(), vPos.y, Mul(Unk(), vPos.x)))), U_Static.gmProj[3].z, Fma(Fma(Unk(), vPos.w, Fma(Unk(), vPos.z, Fma(Unk(), vPos.y, Mul(Unk(), vPos.x)))), U_Static.gmProj[3].y, Mul(Fma(Unk(), vPos.w, Fma(Unk(), vPos.z, Fma(Unk(), vPos.y, Mul(Unk(), vPos.x)))), U_Static.gmProj[3].x))), U_Static.gmProj[3].w)))), 0.5)), Abs(Mul(Fma(Div(1.0, vPos.w), vPos.y, Sub(0.0, Div(Add(Fma(Fma(Unk(), vPos.w, Fma(Unk(), vPos.z, Fma(Unk(), vPos.y, Mul(Unk(), vPos.x)))), U_Static.gmProj[1].z, Fma(Fma(Unk(), vPos.w, Fma(Unk(), vPos.z, Fma(Unk(), vPos.y, Mul(Unk(), vPos.x)))), U_Static.gmProj[1].y, Mul(Fma(Unk(), vPos.w, Fma(Unk(), vPos.z, Fma(Unk(), vPos.y, Mul(Unk(), vPos.x)))), U_Static.gmProj[1].x))), U_Static.gmProj[1].w), Add(Fma(Fma(Unk(), vPos.w, Fma(Unk(), vPos.z, Fma(Unk(), vPos.y, Mul(Unk(), vPos.x)))), U_Static.gmProj[3].z, Fma(Fma(Unk(), vPos.w, Fma(Unk(), vPos.z, Fma(Unk(), vPos.y, Mul(Unk(), vPos.x)))), U_Static.gmProj[3].y, Mul(Fma(Unk(), vPos.w, Fma(Unk(), vPos.z, Fma(Unk(), vPos.y, Mul(Unk(), vPos.x)))), U_Static.gmProj[3].x))), U_Static.gmProj[3].w)))), 0.5))), 1.0)), 0.0), 1.0, 0.0), 0.6666667)), 0.01)"
"o4.x": "Sub(Mul(vPos.z, 8.0), Floor(Mul(vPos.z, 8.0)))"
"o4.y": "Sub(Mul(Floor(Mul(vPos.z, 8.0)), 0.003921569), Floor(Mul(Floor(Mul(vPos.z, 8.0)), 0.003921569)))"
"o4.z": "Mul(Floor(Mul(Floor(Mul(vPos.z, 8.0)), 0.003921569)), 0.003921569)"
"o4.w": "vColor.x"
outline_width: None
normal_intensity: None
