---
source: xc3_shader/src/shader_database.rs
---
"o0.x": "MonochromeX(U_Mate.gMatCol.x, U_Mate.gMatCol.y, U_Mate.gMatCol.z, U_Mate.gWrkFl4[1].y)"
"o0.y": "MonochromeY(U_Mate.gMatCol.x, U_Mate.gMatCol.y, U_Mate.gMatCol.z, U_Mate.gWrkFl4[1].y)"
"o0.z": "MonochromeZ(U_Mate.gMatCol.x, U_Mate.gMatCol.y, U_Mate.gMatCol.z, U_Mate.gWrkFl4[1].y)"
"o0.w": "Mul(Unk(), 0.003921569)"
"o1.x": "U_Mate.gWrkFl4[0].w"
"o1.y": "U_Mate.gWrkFl4[0].z"
"o1.z": "U_Mate.gWrkFl4[0].x"
"o1.w": "0.008235293"
"o2.z": "1.0"
"o3.x": "Div(1.0, Unk())"
"o3.y": "Div(1.0, Unk())"
"o3.z": "0.0"
"o3.w": "Add(Fma(Select(GreaterEqual(Div(Mul(Fma(Div(1.0, Add(Fma(Fma(Unk(), vPos.w, Fma(Unk(), vPos.z, Fma(Unk(), vPos.y, Mul(Unk(), vPos.x)))), U_Static.gmProj[3].z, Fma(Fma(Unk(), vPos.w, Fma(Unk(), vPos.z, Fma(Unk(), vPos.y, Mul(Unk(), vPos.x)))), U_Static.gmProj[3].y, Mul(Fma(Unk(), vPos.w, Fma(Unk(), vPos.z, Fma(Unk(), vPos.y, Mul(Unk(), vPos.x)))), U_Static.gmProj[3].x))), U_Static.gmProj[3].w)), Add(Fma(Fma(Unk(), vPos.w, Fma(Unk(), vPos.z, Fma(Unk(), vPos.y, Mul(Unk(), vPos.x)))), U_Static.gmProj[0].z, Fma(Fma(Unk(), vPos.w, Fma(Unk(), vPos.z, Fma(Unk(), vPos.y, Mul(Unk(), vPos.x)))), U_Static.gmProj[0].y, Mul(Fma(Unk(), vPos.w, Fma(Unk(), vPos.z, Fma(Unk(), vPos.y, Mul(Unk(), vPos.x)))), U_Static.gmProj[0].x))), U_Static.gmProj[0].w), Sub(0.0, Div(vPos.x, vPos.w))), 0.5), Max(Max(Abs(Mul(Fma(Div(1.0, Add(Fma(Fma(Unk(), vPos.w, Fma(Unk(), vPos.z, Fma(Unk(), vPos.y, Mul(Unk(), vPos.x)))), U_Static.gmProj[3].z, Fma(Fma(Unk(), vPos.w, Fma(Unk(), vPos.z, Fma(Unk(), vPos.y, Mul(Unk(), vPos.x)))), U_Static.gmProj[3].y, Mul(Fma(Unk(), vPos.w, Fma(Unk(), vPos.z, Fma(Unk(), vPos.y, Mul(Unk(), vPos.x)))), U_Static.gmProj[3].x))), U_Static.gmProj[3].w)), Add(Fma(Fma(Unk(), vPos.w, Fma(Unk(), vPos.z, Fma(Unk(), vPos.y, Mul(Unk(), vPos.x)))), U_Static.gmProj[0].z, Fma(Fma(Unk(), vPos.w, Fma(Unk(), vPos.z, Fma(Unk(), vPos.y, Mul(Unk(), vPos.x)))), U_Static.gmProj[0].y, Mul(Fma(Unk(), vPos.w, Fma(Unk(), vPos.z, Fma(Unk(), vPos.y, Mul(Unk(), vPos.x)))), U_Static.gmProj[0].x))), U_Static.gmProj[0].w), Sub(0.0, Div(vPos.x, vPos.w))), 0.5)), Abs(Mul(Fma(Div(1.0, Add(Fma(Fma(Unk(), vPos.w, Fma(Unk(), vPos.z, Fma(Unk(), vPos.y, Mul(Unk(), vPos.x)))), U_Static.gmProj[3].z, Fma(Fma(Unk(), vPos.w, Fma(Unk(), vPos.z, Fma(Unk(), vPos.y, Mul(Unk(), vPos.x)))), U_Static.gmProj[3].y, Mul(Fma(Unk(), vPos.w, Fma(Unk(), vPos.z, Fma(Unk(), vPos.y, Mul(Unk(), vPos.x)))), U_Static.gmProj[3].x))), U_Static.gmProj[3].w)), Add(Fma(Fma(Unk(), vPos.w, Fma(Unk(), vPos.z, Fma(Unk(), vPos.y, Mul(Unk(), vPos.x)))), U_Static.gmProj[1].z, Fma(Fma(Unk(), vPos.w, Fma(Unk(), vPos.z, Fma(Unk(), vPos.y, Mul(Unk(), vPos.x)))), U_Static.gmProj[1].y, Mul(Fma(Unk(), vPos.w, Fma(Unk(), vPos.z, Fma(Unk(), vPos.y, Mul(Unk(), vPos.x)))), U_Static.gmProj[1].x))), U_Static.gmProj[1].w), Sub(0.0, Div(vPos.y, vPos.w))), 0.5))), 1.0)), 0.0), 1.0, 0.0), 0.33333334, Mul(Select(GreaterEqual(Div(Mul(Fma(Div(1.0, Add(Fma(Fma(Unk(), vPos.w, Fma(Unk(), vPos.z, Fma(Unk(), vPos.y, Mul(Unk(), vPos.x)))), U_Static.gmProj[3].z, Fma(Fma(Unk(), vPos.w, Fma(Unk(), vPos.z, Fma(Unk(), vPos.y, Mul(Unk(), vPos.x)))), U_Static.gmProj[3].y, Mul(Fma(Unk(), vPos.w, Fma(Unk(), vPos.z, Fma(Unk(), vPos.y, Mul(Unk(), vPos.x)))), U_Static.gmProj[3].x))), U_Static.gmProj[3].w)), Add(Fma(Fma(Unk(), vPos.w, Fma(Unk(), vPos.z, Fma(Unk(), vPos.y, Mul(Unk(), vPos.x)))), U_Static.gmProj[1].z, Fma(Fma(Unk(), vPos.w, Fma(Unk(), vPos.z, Fma(Unk(), vPos.y, Mul(Unk(), vPos.x)))), U_Static.gmProj[1].y, Mul(Fma(Unk(), vPos.w, Fma(Unk(), vPos.z, Fma(Unk(), vPos.y, Mul(Unk(), vPos.x)))), U_Static.gmProj[1].x))), U_Static.gmProj[1].w), Sub(0.0, Div(vPos.y, vPos.w))), 0.5), Max(Max(Abs(Mul(Fma(Div(1.0, Add(Fma(Fma(Unk(), vPos.w, Fma(Unk(), vPos.z, Fma(Unk(), vPos.y, Mul(Unk(), vPos.x)))), U_Static.gmProj[3].z, Fma(Fma(Unk(), vPos.w, Fma(Unk(), vPos.z, Fma(Unk(), vPos.y, Mul(Unk(), vPos.x)))), U_Static.gmProj[3].y, Mul(Fma(Unk(), vPos.w, Fma(Unk(), vPos.z, Fma(Unk(), vPos.y, Mul(Unk(), vPos.x)))), U_Static.gmProj[3].x))), U_Static.gmProj[3].w)), Add(Fma(Fma(Unk(), vPos.w, Fma(Unk(), vPos.z, Fma(Unk(), vPos.y, Mul(Unk(), vPos.x)))), U_Static.gmProj[0].z, Fma(Fma(Unk(), vPos.w, Fma(Unk(), vPos.z, Fma(Unk(), vPos.y, Mul(Unk(), vPos.x)))), U_Static.gmProj[0].y, Mul(Fma(Unk(), vPos.w, Fma(Unk(), vPos.z, Fma(Unk(), vPos.y, Mul(Unk(), vPos.x)))), U_Static.gmProj[0].x))), U_Static.gmProj[0].w), Sub(0.0, Div(vPos.x, vPos.w))), 0.5)), Abs(Mul(Fma(Div(1.0, Add(Fma(Fma(Unk(), vPos.w, Fma(Unk(), vPos.z, Fma(Unk(), vPos.y, Mul(Unk(), vPos.x)))), U_Static.gmProj[3].z, Fma(Fma(Unk(), vPos.w, Fma(Unk(), vPos.z, Fma(Unk(), vPos.y, Mul(Unk(), vPos.x)))), U_Static.gmProj[3].y, Mul(Fma(Unk(), vPos.w, Fma(Unk(), vPos.z, Fma(Unk(), vPos.y, Mul(Unk(), vPos.x)))), U_Static.gmProj[3].x))), U_Static.gmProj[3].w)), Add(Fma(Fma(Unk(), vPos.w, Fma(Unk(), vPos.z, Fma(Unk(), vPos.y, Mul(Unk(), vPos.x)))), U_Static.gmProj[1].z, Fma(Fma(Unk(), vPos.w, Fma(Unk(), vPos.z, Fma(Unk(), vPos.y, Mul(Unk(), vPos.x)))), U_Static.gmProj[1].y, Mul(Fma(Unk(), vPos.w, Fma(Unk(), vPos.z, Fma(Unk(), vPos.y, Mul(Unk(), vPos.x)))), U_Static.gmProj[1].x))), U_Static.gmProj[1].w), Sub(0.0, Div(vPos.y, vPos.w))), 0.5))), 1.0)), 0.0), 1.0, 0.0), 0.6666667)), 0.01)"
"o4.x": "Sub(Mul(Mul(Sub(Add(Fma(Fma(Unk(), vPos.w, Fma(Unk(), vPos.z, Fma(Unk(), vPos.y, Mul(Unk(), vPos.x)))), U_Static.gmProj[2].z, Fma(Fma(Unk(), vPos.w, Fma(Unk(), vPos.z, Fma(Unk(), vPos.y, Mul(Unk(), vPos.x)))), U_Static.gmProj[2].y, Mul(Fma(Unk(), vPos.w, Fma(Unk(), vPos.z, Fma(Unk(), vPos.y, Mul(Unk(), vPos.x)))), U_Static.gmProj[2].x))), U_Static.gmProj[2].w), U_Static.gCDep.y), U_Static.gCDep.z), 8.0), Floor(Mul(Mul(Sub(Add(Fma(Fma(Unk(), vPos.w, Fma(Unk(), vPos.z, Fma(Unk(), vPos.y, Mul(Unk(), vPos.x)))), U_Static.gmProj[2].z, Fma(Fma(Unk(), vPos.w, Fma(Unk(), vPos.z, Fma(Unk(), vPos.y, Mul(Unk(), vPos.x)))), U_Static.gmProj[2].y, Mul(Fma(Unk(), vPos.w, Fma(Unk(), vPos.z, Fma(Unk(), vPos.y, Mul(Unk(), vPos.x)))), U_Static.gmProj[2].x))), U_Static.gmProj[2].w), U_Static.gCDep.y), U_Static.gCDep.z), 8.0)))"
"o4.y": "Sub(Mul(Floor(Mul(Mul(Sub(Add(Fma(Fma(Unk(), vPos.w, Fma(Unk(), vPos.z, Fma(Unk(), vPos.y, Mul(Unk(), vPos.x)))), U_Static.gmProj[2].z, Fma(Fma(Unk(), vPos.w, Fma(Unk(), vPos.z, Fma(Unk(), vPos.y, Mul(Unk(), vPos.x)))), U_Static.gmProj[2].y, Mul(Fma(Unk(), vPos.w, Fma(Unk(), vPos.z, Fma(Unk(), vPos.y, Mul(Unk(), vPos.x)))), U_Static.gmProj[2].x))), U_Static.gmProj[2].w), U_Static.gCDep.y), U_Static.gCDep.z), 8.0)), 0.003921569), Floor(Mul(Floor(Mul(Mul(Sub(Add(Fma(Fma(Unk(), vPos.w, Fma(Unk(), vPos.z, Fma(Unk(), vPos.y, Mul(Unk(), vPos.x)))), U_Static.gmProj[2].z, Fma(Fma(Unk(), vPos.w, Fma(Unk(), vPos.z, Fma(Unk(), vPos.y, Mul(Unk(), vPos.x)))), U_Static.gmProj[2].y, Mul(Fma(Unk(), vPos.w, Fma(Unk(), vPos.z, Fma(Unk(), vPos.y, Mul(Unk(), vPos.x)))), U_Static.gmProj[2].x))), U_Static.gmProj[2].w), U_Static.gCDep.y), U_Static.gCDep.z), 8.0)), 0.003921569)))"
"o4.z": "Mul(Floor(Mul(Floor(Mul(Mul(Sub(Add(Fma(Fma(Unk(), vPos.w, Fma(Unk(), vPos.z, Fma(Unk(), vPos.y, Mul(Unk(), vPos.x)))), U_Static.gmProj[2].z, Fma(Fma(Unk(), vPos.w, Fma(Unk(), vPos.z, Fma(Unk(), vPos.y, Mul(Unk(), vPos.x)))), U_Static.gmProj[2].y, Mul(Fma(Unk(), vPos.w, Fma(Unk(), vPos.z, Fma(Unk(), vPos.y, Mul(Unk(), vPos.x)))), U_Static.gmProj[2].x))), U_Static.gmProj[2].w), U_Static.gCDep.y), U_Static.gCDep.z), 8.0)), 0.003921569)), 0.003921569)"
"o4.w": "vColor.x"
outline_width: None
normal_intensity: None
