---
source: xc3_shader/src/database.rs
---
"o0.x": "Mix(Fma(MulRatio(Mul(Mul(Mul(Mul(Power(Clamp(Fma(Fma(U_Static.gNewRimLgtPreDir.z, Sub(Abs(NormalMapZ(Texture(s1, vTex0.x, vTex0.y).x, Texture(s1, vTex0.x, vTex0.y).y)), 0.0), Fma(NormalMapY(Texture(s1, vTex0.x, vTex0.y).x, Texture(s1, vTex0.x, vTex0.y).y), U_Static.gNewRimLgtPreDir.y, Mul(NormalMapX(Texture(s1, vTex0.x, vTex0.y).x, Texture(s1, vTex0.x, vTex0.y).y), U_Static.gNewRimLgtPreDir.x))), 0.5, 0.5), 0.0, 1.0), U_Mate.gWrkCol[1].x), Power(Clamp(Sub(1.0, Abs(Fma(vPos.z, Sub(0.0, Sub(Abs(NormalMapZ(Texture(s1, vTex0.x, vTex0.y).x, Texture(s1, vTex0.x, vTex0.y).y)), 0.0)), Fma(NormalMapY(Texture(s1, vTex0.x, vTex0.y).x, Texture(s1, vTex0.x, vTex0.y).y), Sub(0.0, vPos.y), Mul(NormalMapX(Texture(s1, vTex0.x, vTex0.y).x, Texture(s1, vTex0.x, vTex0.y).y), Sub(0.0, vPos.x)))))), 0.0, 1.0), U_Mate.gWrkCol[1].x)), U_Static.gNewRimLgtPreCol.x), U_Mate.gWrkCol[1].y), U_Mate.gWrkCol[2].x), U_Static.gNewRimLgtPreCol.w, Mul(Mul(Mul(Mul(Power(Clamp(Fma(Fma(U_Static.gNewRimLgtPreDir.z, Sub(Abs(NormalMapZ(Texture(s1, vTex0.x, vTex0.y).x, Texture(s1, vTex0.x, vTex0.y).y)), 0.0), Fma(NormalMapY(Texture(s1, vTex0.x, vTex0.y).x, Texture(s1, vTex0.x, vTex0.y).y), U_Static.gNewRimLgtPreDir.y, Mul(NormalMapX(Texture(s1, vTex0.x, vTex0.y).x, Texture(s1, vTex0.x, vTex0.y).y), U_Static.gNewRimLgtPreDir.x))), 0.5, 0.5), 0.0, 1.0), U_Mate.gWrkCol[1].x), Power(Clamp(Sub(1.0, Abs(Fma(vPos.z, Sub(0.0, Sub(Abs(NormalMapZ(Texture(s1, vTex0.x, vTex0.y).x, Texture(s1, vTex0.x, vTex0.y).y)), 0.0)), Fma(NormalMapY(Texture(s1, vTex0.x, vTex0.y).x, Texture(s1, vTex0.x, vTex0.y).y), Sub(0.0, vPos.y), Mul(NormalMapX(Texture(s1, vTex0.x, vTex0.y).x, Texture(s1, vTex0.x, vTex0.y).y), Sub(0.0, vPos.x)))))), 0.0, 1.0), U_Mate.gWrkCol[1].x)), U_Static.gNewRimLgtPreCol.x), U_Mate.gWrkCol[1].y), U_Mate.gWrkCol[2].x)), U_Static.gNewRimLgtPreDir.w, Fma(Mul(Mul(Mul(Clamp(Mul(Fma(Mul(Fma(Clamp(Add(Fma(Sub(Texture(s0, vTex0.x, vTex0.y).x, 0.5), Sub(Abs(NormalMapZ(Texture(s1, vTex0.x, vTex0.y).x, Texture(s1, vTex0.x, vTex0.y).y)), 0.0), vBitan.z), 1.0), 0.0, 1.0), -2.0, 3.0), Mul(Clamp(Add(Fma(Sub(Texture(s0, vTex0.x, vTex0.y).x, 0.5), Sub(Abs(NormalMapZ(Texture(s1, vTex0.x, vTex0.y).x, Texture(s1, vTex0.x, vTex0.y).y)), 0.0), vBitan.z), 1.0), 0.0, 1.0), Clamp(Add(Fma(Sub(Texture(s0, vTex0.x, vTex0.y).x, 0.5), Sub(Abs(NormalMapZ(Texture(s1, vTex0.x, vTex0.y).x, Texture(s1, vTex0.x, vTex0.y).y)), 0.0), vBitan.z), 1.0), 0.0, 1.0))), Power(Sqrt(Fma(Fma(Sub(Texture(s0, vTex0.x, vTex0.y).x, 0.5), Sub(Abs(NormalMapZ(Texture(s1, vTex0.x, vTex0.y).x, Texture(s1, vTex0.x, vTex0.y).y)), 0.0), vBitan.z), Sub(0.0, Fma(Sub(Texture(s0, vTex0.x, vTex0.y).x, 0.5), Sub(Abs(NormalMapZ(Texture(s1, vTex0.x, vTex0.y).x, Texture(s1, vTex0.x, vTex0.y).y)), 0.0), vBitan.z)), 1.0)), Mul(U_Mate.gMatSpec.w, 400.0)), Mul(Mul(Fma(Clamp(Add(Mix(vBitan.z, 0.0, Sub(Texture(s0, vTex0.x, vTex0.y).x, 0.5)), 1.0), 0.0, 1.0), -2.0, 3.0), Mul(Clamp(Add(Mix(vBitan.z, 0.0, Sub(Texture(s0, vTex0.x, vTex0.y).x, 0.5)), 1.0), 0.0, 1.0), Clamp(Add(Mix(vBitan.z, 0.0, Sub(Texture(s0, vTex0.x, vTex0.y).x, 0.5)), 1.0), 0.0, 1.0))), Power(Sqrt(Fma(Mix(vBitan.z, 0.0, Sub(Texture(s0, vTex0.x, vTex0.y).x, 0.5)), Sub(0.0, Mix(vBitan.z, 0.0, Sub(Texture(s0, vTex0.x, vTex0.y).x, 0.5))), 1.0)), Mul(U_Mate.gMatSpec.w, 400.0)))), 0.25), 0.0, 1.0), U_Static.gLgtPreSpe[0].x), Clamp(Fma(Fma(Sub(Abs(NormalMapZ(Texture(s1, vTex0.x, vTex0.y).x, Texture(s1, vTex0.x, vTex0.y).y)), 0.0), U_Static.gLgtPreDir[0].z, Fma(NormalMapY(Texture(s1, vTex0.x, vTex0.y).x, Texture(s1, vTex0.x, vTex0.y).y), U_Static.gLgtPreDir[0].y, Mul(NormalMapX(Texture(s1, vTex0.x, vTex0.y).x, Texture(s1, vTex0.x, vTex0.y).y), U_Static.gLgtPreDir[0].x))), 0.6, 0.4), 0.0, 1.0)), Fma(Texture(texShadow, Fma(Div(vPos.x, vPos.w), 0.5, 0.5), Fma(Div(vPos.y, vPos.w), -0.5, 0.5)).x, 0.75, 0.25)), U_Mate.gMatSpec.x, Mul(Fma(Max(0.0, Min(Fma(Mul(Texture(gIBL, Fma(NormalMapX(Texture(s1, vTex0.x, vTex0.y).x, Texture(s1, vTex0.x, vTex0.y).y), 0.5, 0.5), Sub(1.0, Fma(NormalMapY(Texture(s1, vTex0.x, vTex0.y).x, Texture(s1, vTex0.x, vTex0.y).y), 0.5, 0.5))).x, U_Mate.gMatAmb.x), -0.5, Texture(texLgt, Fma(Div(vPos.x, vPos.w), 0.5, 0.5), Fma(Div(vPos.y, vPos.w), -0.5, 0.5)).x), 10.0)), 2.0, Add(Fma(MulRatio(Mul(Texture(texShadow, Fma(Div(vPos.x, vPos.w), 0.5, 0.5), Fma(Div(vPos.y, vPos.w), -0.5, 0.5)).x, Clamp(Sub(Fma(Sub(Abs(NormalMapZ(Texture(s1, vTex0.x, vTex0.y).x, Texture(s1, vTex0.x, vTex0.y).y)), 0.0), U_Static.gLgtPreDir[0].z, Fma(NormalMapY(Texture(s1, vTex0.x, vTex0.y).x, Texture(s1, vTex0.x, vTex0.y).y), U_Static.gLgtPreDir[0].y, Mul(NormalMapX(Texture(s1, vTex0.x, vTex0.y).x, Texture(s1, vTex0.x, vTex0.y).y), U_Static.gLgtPreDir[0].x))), 0.0), 0.0, 1.0)), Fma(Fma(Sub(Abs(NormalMapZ(Texture(s1, vTex0.x, vTex0.y).x, Texture(s1, vTex0.x, vTex0.y).y)), 0.0), U_Static.gLgtPreDir[0].z, Fma(NormalMapY(Texture(s1, vTex0.x, vTex0.y).x, Texture(s1, vTex0.x, vTex0.y).y), U_Static.gLgtPreDir[0].y, Mul(NormalMapX(Texture(s1, vTex0.x, vTex0.y).x, Texture(s1, vTex0.x, vTex0.y).y), U_Static.gLgtPreDir[0].x))), 0.5, 0.5), U_Static.gLgtPreCol[0].w), U_Static.gLgtPreCol[0].x, Mul(MulRatio(Mul(Texture(texShadow, Fma(Div(vPos.x, vPos.w), 0.5, 0.5), Fma(Div(vPos.y, vPos.w), -0.5, 0.5)).x, Clamp(Sub(Fma(Sub(Abs(NormalMapZ(Texture(s1, vTex0.x, vTex0.y).x, Texture(s1, vTex0.x, vTex0.y).y)), 0.0), U_Static.gLgtPreDir[1].z, Fma(NormalMapY(Texture(s1, vTex0.x, vTex0.y).x, Texture(s1, vTex0.x, vTex0.y).y), U_Static.gLgtPreDir[1].y, Mul(NormalMapX(Texture(s1, vTex0.x, vTex0.y).x, Texture(s1, vTex0.x, vTex0.y).y), U_Static.gLgtPreDir[1].x))), 0.0), 0.0, 1.0)), Fma(Texture(texShadow, Fma(Div(vPos.x, vPos.w), 0.5, 0.5), Fma(Div(vPos.y, vPos.w), -0.5, 0.5)).x, 0.75, 0.25), U_Static.gLgtPreCol[0].w), U_Static.gLgtPreCol[1].x)), Mul(Texture(gIBL, Fma(NormalMapX(Texture(s1, vTex0.x, vTex0.y).x, Texture(s1, vTex0.x, vTex0.y).y), 0.5, 0.5), Sub(1.0, Fma(NormalMapY(Texture(s1, vTex0.x, vTex0.y).x, Texture(s1, vTex0.x, vTex0.y).y), 0.5, 0.5))).x, U_Mate.gMatAmb.x))), Power(Max(0.0, Mul(Mix(U_Mate.gWrkCol[0].x, Texture(s0, vTex0.x, vTex0.y).x, U_Mate.gWrkFl4.x), vColor.x)), U_Static.gCDep.w)))), Fma(Power(Clamp(Fma(vPos.z, U_FOG.gFogPa[1].z, Fma(vPos.y, U_FOG.gFogPa[1].y, Mul(vPos.x, U_FOG.gFogPa[1].x))), 0.0, 1.0), U_FOG.gFogPa[4].w), U_FOG.gFogPa[4].x, Fma(MulRatio(Power(Clamp(Sub(1.0, Abs(Fma(vPos.z, U_FOG.gFogPa[0].z, Fma(vPos.y, U_FOG.gFogPa[0].y, Mul(vPos.x, U_FOG.gFogPa[0].x))))), 0.0, 1.0), U_FOG.gFogPa[3].w), vp_c1.data[0].x, Clamp(Mul(Sub(Power(Clamp(Sub(1.0, Abs(Fma(vPos.z, U_FOG.gFogPa[0].z, Fma(vPos.y, U_FOG.gFogPa[0].y, Mul(vPos.x, U_FOG.gFogPa[0].x))))), 0.0, 1.0), U_FOG.gFogPa[3].w), 0.8), 5.0), 0.0, 1.0)), U_FOG.gFogPa[3].x, U_FOG.gFogPa[2].x)), Mul(Mul(Power(Clamp(Mul(Sub(Sub(0.0, vPos.z), U_FOG.gFogPa[5].x), U_FOG.gFogPa[5].y), 0.0, 1.0), U_FOG.gFogPa[5].z), U_FOG.gFogPa[5].w), U_Mate.gWrkFl4.y))"
"o0.y": "Mix(Fma(MulRatio(Mul(Mul(Mul(Mul(Power(Clamp(Fma(Fma(U_Static.gNewRimLgtPreDir.z, Sub(Abs(NormalMapZ(Texture(s1, vTex0.x, vTex0.y).x, Texture(s1, vTex0.x, vTex0.y).y)), 0.0), Fma(NormalMapY(Texture(s1, vTex0.x, vTex0.y).x, Texture(s1, vTex0.x, vTex0.y).y), U_Static.gNewRimLgtPreDir.y, Mul(NormalMapX(Texture(s1, vTex0.x, vTex0.y).x, Texture(s1, vTex0.x, vTex0.y).y), U_Static.gNewRimLgtPreDir.x))), 0.5, 0.5), 0.0, 1.0), U_Mate.gWrkCol[1].x), Power(Clamp(Sub(1.0, Abs(Fma(vPos.z, Sub(0.0, Sub(Abs(NormalMapZ(Texture(s1, vTex0.x, vTex0.y).x, Texture(s1, vTex0.x, vTex0.y).y)), 0.0)), Fma(NormalMapY(Texture(s1, vTex0.x, vTex0.y).x, Texture(s1, vTex0.x, vTex0.y).y), Sub(0.0, vPos.y), Mul(NormalMapX(Texture(s1, vTex0.x, vTex0.y).x, Texture(s1, vTex0.x, vTex0.y).y), Sub(0.0, vPos.x)))))), 0.0, 1.0), U_Mate.gWrkCol[1].x)), U_Static.gNewRimLgtPreCol.y), U_Mate.gWrkCol[1].y), U_Mate.gWrkCol[2].y), U_Static.gNewRimLgtPreCol.w, Mul(Mul(Mul(Mul(Power(Clamp(Fma(Fma(U_Static.gNewRimLgtPreDir.z, Sub(Abs(NormalMapZ(Texture(s1, vTex0.x, vTex0.y).x, Texture(s1, vTex0.x, vTex0.y).y)), 0.0), Fma(NormalMapY(Texture(s1, vTex0.x, vTex0.y).x, Texture(s1, vTex0.x, vTex0.y).y), U_Static.gNewRimLgtPreDir.y, Mul(NormalMapX(Texture(s1, vTex0.x, vTex0.y).x, Texture(s1, vTex0.x, vTex0.y).y), U_Static.gNewRimLgtPreDir.x))), 0.5, 0.5), 0.0, 1.0), U_Mate.gWrkCol[1].x), Power(Clamp(Sub(1.0, Abs(Fma(vPos.z, Sub(0.0, Sub(Abs(NormalMapZ(Texture(s1, vTex0.x, vTex0.y).x, Texture(s1, vTex0.x, vTex0.y).y)), 0.0)), Fma(NormalMapY(Texture(s1, vTex0.x, vTex0.y).x, Texture(s1, vTex0.x, vTex0.y).y), Sub(0.0, vPos.y), Mul(NormalMapX(Texture(s1, vTex0.x, vTex0.y).x, Texture(s1, vTex0.x, vTex0.y).y), Sub(0.0, vPos.x)))))), 0.0, 1.0), U_Mate.gWrkCol[1].x)), U_Static.gNewRimLgtPreCol.y), U_Mate.gWrkCol[1].y), U_Mate.gWrkCol[2].y)), U_Static.gNewRimLgtPreDir.w, Fma(Mul(Mul(Mul(Clamp(Mul(Fma(Mul(Fma(Clamp(Add(Fma(Sub(Texture(s0, vTex0.x, vTex0.y).x, 0.5), Sub(Abs(NormalMapZ(Texture(s1, vTex0.x, vTex0.y).x, Texture(s1, vTex0.x, vTex0.y).y)), 0.0), vBitan.z), 1.0), 0.0, 1.0), -2.0, 3.0), Mul(Clamp(Add(Fma(Sub(Texture(s0, vTex0.x, vTex0.y).x, 0.5), Sub(Abs(NormalMapZ(Texture(s1, vTex0.x, vTex0.y).x, Texture(s1, vTex0.x, vTex0.y).y)), 0.0), vBitan.z), 1.0), 0.0, 1.0), Clamp(Add(Fma(Sub(Texture(s0, vTex0.x, vTex0.y).x, 0.5), Sub(Abs(NormalMapZ(Texture(s1, vTex0.x, vTex0.y).x, Texture(s1, vTex0.x, vTex0.y).y)), 0.0), vBitan.z), 1.0), 0.0, 1.0))), Power(Sqrt(Fma(Fma(Sub(Texture(s0, vTex0.x, vTex0.y).x, 0.5), Sub(Abs(NormalMapZ(Texture(s1, vTex0.x, vTex0.y).x, Texture(s1, vTex0.x, vTex0.y).y)), 0.0), vBitan.z), Sub(0.0, Fma(Sub(Texture(s0, vTex0.x, vTex0.y).x, 0.5), Sub(Abs(NormalMapZ(Texture(s1, vTex0.x, vTex0.y).x, Texture(s1, vTex0.x, vTex0.y).y)), 0.0), vBitan.z)), 1.0)), Mul(U_Mate.gMatSpec.w, 400.0)), Mul(Mul(Fma(Clamp(Add(Mix(vBitan.z, 0.0, Sub(Texture(s0, vTex0.x, vTex0.y).x, 0.5)), 1.0), 0.0, 1.0), -2.0, 3.0), Mul(Clamp(Add(Mix(vBitan.z, 0.0, Sub(Texture(s0, vTex0.x, vTex0.y).x, 0.5)), 1.0), 0.0, 1.0), Clamp(Add(Mix(vBitan.z, 0.0, Sub(Texture(s0, vTex0.x, vTex0.y).x, 0.5)), 1.0), 0.0, 1.0))), Power(Sqrt(Fma(Mix(vBitan.z, 0.0, Sub(Texture(s0, vTex0.x, vTex0.y).x, 0.5)), Sub(0.0, Mix(vBitan.z, 0.0, Sub(Texture(s0, vTex0.x, vTex0.y).x, 0.5))), 1.0)), Mul(U_Mate.gMatSpec.w, 400.0)))), 0.25), 0.0, 1.0), U_Static.gLgtPreSpe[0].y), Clamp(Fma(Fma(Sub(Abs(NormalMapZ(Texture(s1, vTex0.x, vTex0.y).x, Texture(s1, vTex0.x, vTex0.y).y)), 0.0), U_Static.gLgtPreDir[0].z, Fma(NormalMapY(Texture(s1, vTex0.x, vTex0.y).x, Texture(s1, vTex0.x, vTex0.y).y), U_Static.gLgtPreDir[0].y, Mul(NormalMapX(Texture(s1, vTex0.x, vTex0.y).x, Texture(s1, vTex0.x, vTex0.y).y), U_Static.gLgtPreDir[0].x))), 0.6, 0.4), 0.0, 1.0)), Fma(Texture(texShadow, Fma(Div(vPos.x, vPos.w), 0.5, 0.5), Fma(Div(vPos.y, vPos.w), -0.5, 0.5)).x, 0.75, 0.25)), U_Mate.gMatSpec.y, Mul(Fma(Max(0.0, Min(Fma(Mul(Texture(gIBL, Fma(NormalMapX(Texture(s1, vTex0.x, vTex0.y).x, Texture(s1, vTex0.x, vTex0.y).y), 0.5, 0.5), Sub(1.0, Fma(NormalMapY(Texture(s1, vTex0.x, vTex0.y).x, Texture(s1, vTex0.x, vTex0.y).y), 0.5, 0.5))).y, U_Mate.gMatAmb.y), -0.5, Texture(texLgt, Fma(Div(vPos.x, vPos.w), 0.5, 0.5), Fma(Div(vPos.y, vPos.w), -0.5, 0.5)).y), 10.0)), 2.0, Add(Fma(MulRatio(Mul(Texture(texShadow, Fma(Div(vPos.x, vPos.w), 0.5, 0.5), Fma(Div(vPos.y, vPos.w), -0.5, 0.5)).x, Clamp(Sub(Fma(Sub(Abs(NormalMapZ(Texture(s1, vTex0.x, vTex0.y).x, Texture(s1, vTex0.x, vTex0.y).y)), 0.0), U_Static.gLgtPreDir[0].z, Fma(NormalMapY(Texture(s1, vTex0.x, vTex0.y).x, Texture(s1, vTex0.x, vTex0.y).y), U_Static.gLgtPreDir[0].y, Mul(NormalMapX(Texture(s1, vTex0.x, vTex0.y).x, Texture(s1, vTex0.x, vTex0.y).y), U_Static.gLgtPreDir[0].x))), 0.0), 0.0, 1.0)), Fma(Fma(Sub(Abs(NormalMapZ(Texture(s1, vTex0.x, vTex0.y).x, Texture(s1, vTex0.x, vTex0.y).y)), 0.0), U_Static.gLgtPreDir[0].z, Fma(NormalMapY(Texture(s1, vTex0.x, vTex0.y).x, Texture(s1, vTex0.x, vTex0.y).y), U_Static.gLgtPreDir[0].y, Mul(NormalMapX(Texture(s1, vTex0.x, vTex0.y).x, Texture(s1, vTex0.x, vTex0.y).y), U_Static.gLgtPreDir[0].x))), 0.5, 0.5), U_Static.gLgtPreCol[0].w), U_Static.gLgtPreCol[0].y, Mul(MulRatio(Mul(Texture(texShadow, Fma(Div(vPos.x, vPos.w), 0.5, 0.5), Fma(Div(vPos.y, vPos.w), -0.5, 0.5)).x, Clamp(Sub(Fma(Sub(Abs(NormalMapZ(Texture(s1, vTex0.x, vTex0.y).x, Texture(s1, vTex0.x, vTex0.y).y)), 0.0), U_Static.gLgtPreDir[1].z, Fma(NormalMapY(Texture(s1, vTex0.x, vTex0.y).x, Texture(s1, vTex0.x, vTex0.y).y), U_Static.gLgtPreDir[1].y, Mul(NormalMapX(Texture(s1, vTex0.x, vTex0.y).x, Texture(s1, vTex0.x, vTex0.y).y), U_Static.gLgtPreDir[1].x))), 0.0), 0.0, 1.0)), Fma(Texture(texShadow, Fma(Div(vPos.x, vPos.w), 0.5, 0.5), Fma(Div(vPos.y, vPos.w), -0.5, 0.5)).x, 0.75, 0.25), U_Static.gLgtPreCol[0].w), U_Static.gLgtPreCol[1].y)), Mul(Texture(gIBL, Fma(NormalMapX(Texture(s1, vTex0.x, vTex0.y).x, Texture(s1, vTex0.x, vTex0.y).y), 0.5, 0.5), Sub(1.0, Fma(NormalMapY(Texture(s1, vTex0.x, vTex0.y).x, Texture(s1, vTex0.x, vTex0.y).y), 0.5, 0.5))).y, U_Mate.gMatAmb.y))), Power(Max(0.0, Mul(Mix(U_Mate.gWrkCol[0].y, Texture(s0, vTex0.x, vTex0.y).y, U_Mate.gWrkFl4.x), vColor.y)), U_Static.gCDep.w)))), Fma(Power(Clamp(Fma(vPos.z, U_FOG.gFogPa[1].z, Fma(vPos.y, U_FOG.gFogPa[1].y, Mul(vPos.x, U_FOG.gFogPa[1].x))), 0.0, 1.0), U_FOG.gFogPa[4].w), U_FOG.gFogPa[4].y, Fma(MulRatio(Power(Clamp(Sub(1.0, Abs(Fma(vPos.z, U_FOG.gFogPa[0].z, Fma(vPos.y, U_FOG.gFogPa[0].y, Mul(vPos.x, U_FOG.gFogPa[0].x))))), 0.0, 1.0), U_FOG.gFogPa[3].w), vp_c1.data[0].x, Clamp(Mul(Sub(Power(Clamp(Sub(1.0, Abs(Fma(vPos.z, U_FOG.gFogPa[0].z, Fma(vPos.y, U_FOG.gFogPa[0].y, Mul(vPos.x, U_FOG.gFogPa[0].x))))), 0.0, 1.0), U_FOG.gFogPa[3].w), 0.8), 5.0), 0.0, 1.0)), U_FOG.gFogPa[3].y, U_FOG.gFogPa[2].y)), Mul(Mul(Power(Clamp(Mul(Sub(Sub(0.0, vPos.z), U_FOG.gFogPa[5].x), U_FOG.gFogPa[5].y), 0.0, 1.0), U_FOG.gFogPa[5].z), U_FOG.gFogPa[5].w), U_Mate.gWrkFl4.y))"
"o0.z": "Mix(Fma(MulRatio(Mul(Mul(Mul(Mul(Power(Clamp(Fma(Fma(U_Static.gNewRimLgtPreDir.z, Sub(Abs(NormalMapZ(Texture(s1, vTex0.x, vTex0.y).x, Texture(s1, vTex0.x, vTex0.y).y)), 0.0), Fma(NormalMapY(Texture(s1, vTex0.x, vTex0.y).x, Texture(s1, vTex0.x, vTex0.y).y), U_Static.gNewRimLgtPreDir.y, Mul(NormalMapX(Texture(s1, vTex0.x, vTex0.y).x, Texture(s1, vTex0.x, vTex0.y).y), U_Static.gNewRimLgtPreDir.x))), 0.5, 0.5), 0.0, 1.0), U_Mate.gWrkCol[1].x), Power(Clamp(Sub(1.0, Abs(Fma(vPos.z, Sub(0.0, Sub(Abs(NormalMapZ(Texture(s1, vTex0.x, vTex0.y).x, Texture(s1, vTex0.x, vTex0.y).y)), 0.0)), Fma(NormalMapY(Texture(s1, vTex0.x, vTex0.y).x, Texture(s1, vTex0.x, vTex0.y).y), Sub(0.0, vPos.y), Mul(NormalMapX(Texture(s1, vTex0.x, vTex0.y).x, Texture(s1, vTex0.x, vTex0.y).y), Sub(0.0, vPos.x)))))), 0.0, 1.0), U_Mate.gWrkCol[1].x)), U_Static.gNewRimLgtPreCol.z), U_Mate.gWrkCol[1].y), U_Mate.gWrkCol[2].z), U_Static.gNewRimLgtPreCol.w, Mul(Mul(Mul(Mul(Power(Clamp(Fma(Fma(U_Static.gNewRimLgtPreDir.z, Sub(Abs(NormalMapZ(Texture(s1, vTex0.x, vTex0.y).x, Texture(s1, vTex0.x, vTex0.y).y)), 0.0), Fma(NormalMapY(Texture(s1, vTex0.x, vTex0.y).x, Texture(s1, vTex0.x, vTex0.y).y), U_Static.gNewRimLgtPreDir.y, Mul(NormalMapX(Texture(s1, vTex0.x, vTex0.y).x, Texture(s1, vTex0.x, vTex0.y).y), U_Static.gNewRimLgtPreDir.x))), 0.5, 0.5), 0.0, 1.0), U_Mate.gWrkCol[1].x), Power(Clamp(Sub(1.0, Abs(Fma(vPos.z, Sub(0.0, Sub(Abs(NormalMapZ(Texture(s1, vTex0.x, vTex0.y).x, Texture(s1, vTex0.x, vTex0.y).y)), 0.0)), Fma(NormalMapY(Texture(s1, vTex0.x, vTex0.y).x, Texture(s1, vTex0.x, vTex0.y).y), Sub(0.0, vPos.y), Mul(NormalMapX(Texture(s1, vTex0.x, vTex0.y).x, Texture(s1, vTex0.x, vTex0.y).y), Sub(0.0, vPos.x)))))), 0.0, 1.0), U_Mate.gWrkCol[1].x)), U_Static.gNewRimLgtPreCol.z), U_Mate.gWrkCol[1].y), U_Mate.gWrkCol[2].z)), U_Static.gNewRimLgtPreDir.w, Fma(Mul(Mul(Mul(Clamp(Mul(Fma(Mul(Fma(Clamp(Add(Fma(Sub(Texture(s0, vTex0.x, vTex0.y).x, 0.5), Sub(Abs(NormalMapZ(Texture(s1, vTex0.x, vTex0.y).x, Texture(s1, vTex0.x, vTex0.y).y)), 0.0), vBitan.z), 1.0), 0.0, 1.0), -2.0, 3.0), Mul(Clamp(Add(Fma(Sub(Texture(s0, vTex0.x, vTex0.y).x, 0.5), Sub(Abs(NormalMapZ(Texture(s1, vTex0.x, vTex0.y).x, Texture(s1, vTex0.x, vTex0.y).y)), 0.0), vBitan.z), 1.0), 0.0, 1.0), Clamp(Add(Fma(Sub(Texture(s0, vTex0.x, vTex0.y).x, 0.5), Sub(Abs(NormalMapZ(Texture(s1, vTex0.x, vTex0.y).x, Texture(s1, vTex0.x, vTex0.y).y)), 0.0), vBitan.z), 1.0), 0.0, 1.0))), Power(Sqrt(Fma(Fma(Sub(Texture(s0, vTex0.x, vTex0.y).x, 0.5), Sub(Abs(NormalMapZ(Texture(s1, vTex0.x, vTex0.y).x, Texture(s1, vTex0.x, vTex0.y).y)), 0.0), vBitan.z), Sub(0.0, Fma(Sub(Texture(s0, vTex0.x, vTex0.y).x, 0.5), Sub(Abs(NormalMapZ(Texture(s1, vTex0.x, vTex0.y).x, Texture(s1, vTex0.x, vTex0.y).y)), 0.0), vBitan.z)), 1.0)), Mul(U_Mate.gMatSpec.w, 400.0)), Mul(Mul(Fma(Clamp(Add(Mix(vBitan.z, 0.0, Sub(Texture(s0, vTex0.x, vTex0.y).x, 0.5)), 1.0), 0.0, 1.0), -2.0, 3.0), Mul(Clamp(Add(Mix(vBitan.z, 0.0, Sub(Texture(s0, vTex0.x, vTex0.y).x, 0.5)), 1.0), 0.0, 1.0), Clamp(Add(Mix(vBitan.z, 0.0, Sub(Texture(s0, vTex0.x, vTex0.y).x, 0.5)), 1.0), 0.0, 1.0))), Power(Sqrt(Fma(Mix(vBitan.z, 0.0, Sub(Texture(s0, vTex0.x, vTex0.y).x, 0.5)), Sub(0.0, Mix(vBitan.z, 0.0, Sub(Texture(s0, vTex0.x, vTex0.y).x, 0.5))), 1.0)), Mul(U_Mate.gMatSpec.w, 400.0)))), 0.25), 0.0, 1.0), U_Static.gLgtPreSpe[0].z), Clamp(Fma(Fma(Sub(Abs(NormalMapZ(Texture(s1, vTex0.x, vTex0.y).x, Texture(s1, vTex0.x, vTex0.y).y)), 0.0), U_Static.gLgtPreDir[0].z, Fma(NormalMapY(Texture(s1, vTex0.x, vTex0.y).x, Texture(s1, vTex0.x, vTex0.y).y), U_Static.gLgtPreDir[0].y, Mul(NormalMapX(Texture(s1, vTex0.x, vTex0.y).x, Texture(s1, vTex0.x, vTex0.y).y), U_Static.gLgtPreDir[0].x))), 0.6, 0.4), 0.0, 1.0)), Fma(Texture(texShadow, Fma(Div(vPos.x, vPos.w), 0.5, 0.5), Fma(Div(vPos.y, vPos.w), -0.5, 0.5)).x, 0.75, 0.25)), U_Mate.gMatSpec.z, Mul(Fma(Max(0.0, Min(Fma(Mul(Texture(gIBL, Fma(NormalMapX(Texture(s1, vTex0.x, vTex0.y).x, Texture(s1, vTex0.x, vTex0.y).y), 0.5, 0.5), Sub(1.0, Fma(NormalMapY(Texture(s1, vTex0.x, vTex0.y).x, Texture(s1, vTex0.x, vTex0.y).y), 0.5, 0.5))).z, U_Mate.gMatAmb.z), -0.5, Texture(texLgt, Fma(Div(vPos.x, vPos.w), 0.5, 0.5), Fma(Div(vPos.y, vPos.w), -0.5, 0.5)).z), 10.0)), 2.0, Add(Fma(MulRatio(Mul(Texture(texShadow, Fma(Div(vPos.x, vPos.w), 0.5, 0.5), Fma(Div(vPos.y, vPos.w), -0.5, 0.5)).x, Clamp(Sub(Fma(Sub(Abs(NormalMapZ(Texture(s1, vTex0.x, vTex0.y).x, Texture(s1, vTex0.x, vTex0.y).y)), 0.0), U_Static.gLgtPreDir[0].z, Fma(NormalMapY(Texture(s1, vTex0.x, vTex0.y).x, Texture(s1, vTex0.x, vTex0.y).y), U_Static.gLgtPreDir[0].y, Mul(NormalMapX(Texture(s1, vTex0.x, vTex0.y).x, Texture(s1, vTex0.x, vTex0.y).y), U_Static.gLgtPreDir[0].x))), 0.0), 0.0, 1.0)), Fma(Fma(Sub(Abs(NormalMapZ(Texture(s1, vTex0.x, vTex0.y).x, Texture(s1, vTex0.x, vTex0.y).y)), 0.0), U_Static.gLgtPreDir[0].z, Fma(NormalMapY(Texture(s1, vTex0.x, vTex0.y).x, Texture(s1, vTex0.x, vTex0.y).y), U_Static.gLgtPreDir[0].y, Mul(NormalMapX(Texture(s1, vTex0.x, vTex0.y).x, Texture(s1, vTex0.x, vTex0.y).y), U_Static.gLgtPreDir[0].x))), 0.5, 0.5), U_Static.gLgtPreCol[0].w), U_Static.gLgtPreCol[0].z, Mul(MulRatio(Mul(Texture(texShadow, Fma(Div(vPos.x, vPos.w), 0.5, 0.5), Fma(Div(vPos.y, vPos.w), -0.5, 0.5)).x, Clamp(Sub(Fma(Sub(Abs(NormalMapZ(Texture(s1, vTex0.x, vTex0.y).x, Texture(s1, vTex0.x, vTex0.y).y)), 0.0), U_Static.gLgtPreDir[1].z, Fma(NormalMapY(Texture(s1, vTex0.x, vTex0.y).x, Texture(s1, vTex0.x, vTex0.y).y), U_Static.gLgtPreDir[1].y, Mul(NormalMapX(Texture(s1, vTex0.x, vTex0.y).x, Texture(s1, vTex0.x, vTex0.y).y), U_Static.gLgtPreDir[1].x))), 0.0), 0.0, 1.0)), Fma(Texture(texShadow, Fma(Div(vPos.x, vPos.w), 0.5, 0.5), Fma(Div(vPos.y, vPos.w), -0.5, 0.5)).x, 0.75, 0.25), U_Static.gLgtPreCol[0].w), U_Static.gLgtPreCol[1].z)), Mul(Texture(gIBL, Fma(NormalMapX(Texture(s1, vTex0.x, vTex0.y).x, Texture(s1, vTex0.x, vTex0.y).y), 0.5, 0.5), Sub(1.0, Fma(NormalMapY(Texture(s1, vTex0.x, vTex0.y).x, Texture(s1, vTex0.x, vTex0.y).y), 0.5, 0.5))).z, U_Mate.gMatAmb.z))), Power(Max(0.0, Mul(Mix(U_Mate.gWrkCol[0].z, Texture(s0, vTex0.x, vTex0.y).z, U_Mate.gWrkFl4.x), vColor.z)), U_Static.gCDep.w)))), Fma(Power(Clamp(Fma(vPos.z, U_FOG.gFogPa[1].z, Fma(vPos.y, U_FOG.gFogPa[1].y, Mul(vPos.x, U_FOG.gFogPa[1].x))), 0.0, 1.0), U_FOG.gFogPa[4].w), U_FOG.gFogPa[4].z, Fma(MulRatio(Power(Clamp(Sub(1.0, Abs(Fma(vPos.z, U_FOG.gFogPa[0].z, Fma(vPos.y, U_FOG.gFogPa[0].y, Mul(vPos.x, U_FOG.gFogPa[0].x))))), 0.0, 1.0), U_FOG.gFogPa[3].w), vp_c1.data[0].x, Clamp(Mul(Sub(Power(Clamp(Sub(1.0, Abs(Fma(vPos.z, U_FOG.gFogPa[0].z, Fma(vPos.y, U_FOG.gFogPa[0].y, Mul(vPos.x, U_FOG.gFogPa[0].x))))), 0.0, 1.0), U_FOG.gFogPa[3].w), 0.8), 5.0), 0.0, 1.0)), U_FOG.gFogPa[3].z, U_FOG.gFogPa[2].z)), Mul(Mul(Power(Clamp(Mul(Sub(Sub(0.0, vPos.z), U_FOG.gFogPa[5].x), U_FOG.gFogPa[5].y), 0.0, 1.0), U_FOG.gFogPa[5].z), U_FOG.gFogPa[5].w), U_Mate.gWrkFl4.y))"
"o0.w": "Clamp(Mul(Mul(Mul(Texture(s0, vTex0.x, vTex0.y).w, vColor.w), U_Mate.gAlInf.z), Sub(2.0, U_Mate.gAlInf.y)), 0.0, 1.0)"
outline_width: None
normal_intensity: None
