---
source: xc3_shader/src/shader_database.rs
---
"o0.x": "Mix(Fma(Fma(Max(Min(100.0, U_Static.gLgtPreSpe[0].x), 0.4), Texture(s1, TexParallaxX(TexMatrix(vTex0.x, vTex0.y, U_Mate.gTexMat[6].x, U_Mate.gTexMat[6].y, U_Mate.gTexMat[6].z, U_Mate.gTexMat[6].w), U_Mate.gMatSpec.w), TexParallaxX(TexMatrix(vTex0.x, vTex0.y, U_Mate.gTexMat[7].x, U_Mate.gTexMat[7].y, U_Mate.gTexMat[7].z, U_Mate.gTexMat[7].w), U_Mate.gMatSpec.w)).y, Mul(Texture(gIBL, Fma(vNormal.x, 0.5, 0.5), Sub(1.0, Fma(vNormal.y, 0.5, 0.5))).w, U_Mate.gMatAmb.w)), U_Mate.gMatSpec.x, Mul(Fma(Max(0.0, Min(Fma(Mul(Texture(gIBL, Fma(vNormal.x, 0.5, 0.5), Sub(1.0, Fma(vNormal.y, 0.5, 0.5))).x, U_Mate.gMatAmb.x), -0.5, Texture(texLgt, Fma(Div(vPos.x, vPos.w), 0.5, 0.5), Fma(Div(vPos.y, vPos.w), -0.5, 0.5)).x), 10.0)), 2.0, Add(Mul(Texture(gIBL, Fma(vNormal.x, 0.5, 0.5), Sub(1.0, Fma(vNormal.y, 0.5, 0.5))).x, U_Mate.gMatAmb.x), Fma(Mul(Clamp(Fma(Sub(Abs(vNormal.z), 0.0), U_Static.gLgtPreDir[0].z, Fma(vNormal.y, U_Static.gLgtPreDir[0].y, Mul(vNormal.x, U_Static.gLgtPreDir[0].x))), 0.0, 1.0), U_Static.gLgtPreCol[0].x), Texture(texShadow, Fma(Div(vPos.x, vPos.w), 0.5, 0.5), Fma(Div(vPos.y, vPos.w), -0.5, 0.5)).x, Mul(Clamp(Fma(Sub(Abs(vNormal.z), 0.0), U_Static.gLgtPreDir[1].z, Fma(vNormal.y, U_Static.gLgtPreDir[1].y, Mul(vNormal.x, U_Static.gLgtPreDir[1].x))), 0.0, 1.0), U_Static.gLgtPreCol[1].x)))), Power(Max(0.0, Mul(Texture(s0, TexParallaxX(TexMatrix(vTex0.x, vTex0.y, U_Mate.gTexMat[0].x, U_Mate.gTexMat[0].y, U_Mate.gTexMat[0].z, U_Mate.gTexMat[0].w), Texture(s1, TexMatrix(vTex0.x, vTex0.y, U_Mate.gTexMat[4].x, U_Mate.gTexMat[4].y, U_Mate.gTexMat[4].z, U_Mate.gTexMat[4].w), TexMatrix(vTex0.x, vTex0.y, U_Mate.gTexMat[5].x, U_Mate.gTexMat[5].y, U_Mate.gTexMat[5].z, U_Mate.gTexMat[5].w)).z), TexParallaxX(TexMatrix(vTex0.x, vTex0.y, U_Mate.gTexMat[1].x, U_Mate.gTexMat[1].y, U_Mate.gTexMat[1].z, U_Mate.gTexMat[1].w), Texture(s1, TexMatrix(vTex0.x, vTex0.y, U_Mate.gTexMat[4].x, U_Mate.gTexMat[4].y, U_Mate.gTexMat[4].z, U_Mate.gTexMat[4].w), TexMatrix(vTex0.x, vTex0.y, U_Mate.gTexMat[5].x, U_Mate.gTexMat[5].y, U_Mate.gTexMat[5].z, U_Mate.gTexMat[5].w)).z)).x, vColor.x)), U_Static.gCDep.w))), Fma(Power(Clamp(Fma(vPos.z, U_FOG.gFogPa[1].z, Fma(vPos.y, U_FOG.gFogPa[1].y, Mul(vPos.x, U_FOG.gFogPa[1].x))), 0.0, 1.0), U_FOG.gFogPa[4].w), U_FOG.gFogPa[4].x, Fma(MulRatio(Power(Clamp(Sub(1.0, Abs(Fma(vPos.z, U_FOG.gFogPa[0].z, Fma(vPos.y, U_FOG.gFogPa[0].y, Mul(vPos.x, U_FOG.gFogPa[0].x))))), 0.0, 1.0), U_FOG.gFogPa[3].w), vp_c1.data[0].x, Clamp(Mul(Sub(Power(Clamp(Sub(1.0, Abs(Fma(vPos.z, U_FOG.gFogPa[0].z, Fma(vPos.y, U_FOG.gFogPa[0].y, Mul(vPos.x, U_FOG.gFogPa[0].x))))), 0.0, 1.0), U_FOG.gFogPa[3].w), 0.8), 5.0), 0.0, 1.0)), U_FOG.gFogPa[3].x, U_FOG.gFogPa[2].x)), Mul(Mul(Power(Clamp(Mul(Sub(Sub(0.0, vPos.z), U_FOG.gFogPa[5].x), U_FOG.gFogPa[5].y), 0.0, 1.0), U_FOG.gFogPa[5].z), U_FOG.gFogPa[5].w), U_Mate.gWrkFl4.x))"
"o0.y": "Mix(Fma(Fma(Max(Min(100.0, U_Static.gLgtPreSpe[0].y), 0.4), Texture(s1, TexParallaxX(TexMatrix(vTex0.x, vTex0.y, U_Mate.gTexMat[6].x, U_Mate.gTexMat[6].y, U_Mate.gTexMat[6].z, U_Mate.gTexMat[6].w), U_Mate.gMatSpec.w), TexParallaxX(TexMatrix(vTex0.x, vTex0.y, U_Mate.gTexMat[7].x, U_Mate.gTexMat[7].y, U_Mate.gTexMat[7].z, U_Mate.gTexMat[7].w), U_Mate.gMatSpec.w)).y, Mul(Texture(gIBL, Fma(vNormal.x, 0.5, 0.5), Sub(1.0, Fma(vNormal.y, 0.5, 0.5))).w, U_Mate.gMatAmb.w)), U_Mate.gMatSpec.y, Mul(Fma(Max(0.0, Min(Fma(Mul(Texture(gIBL, Fma(vNormal.x, 0.5, 0.5), Sub(1.0, Fma(vNormal.y, 0.5, 0.5))).y, U_Mate.gMatAmb.y), -0.5, Texture(texLgt, Fma(Div(vPos.x, vPos.w), 0.5, 0.5), Fma(Div(vPos.y, vPos.w), -0.5, 0.5)).y), 10.0)), 2.0, Add(Mul(Texture(gIBL, Fma(vNormal.x, 0.5, 0.5), Sub(1.0, Fma(vNormal.y, 0.5, 0.5))).y, U_Mate.gMatAmb.y), Fma(Mul(Clamp(Fma(Sub(Abs(vNormal.z), 0.0), U_Static.gLgtPreDir[0].z, Fma(vNormal.y, U_Static.gLgtPreDir[0].y, Mul(vNormal.x, U_Static.gLgtPreDir[0].x))), 0.0, 1.0), U_Static.gLgtPreCol[0].y), Texture(texShadow, Fma(Div(vPos.x, vPos.w), 0.5, 0.5), Fma(Div(vPos.y, vPos.w), -0.5, 0.5)).x, Mul(Clamp(Fma(Sub(Abs(vNormal.z), 0.0), U_Static.gLgtPreDir[1].z, Fma(vNormal.y, U_Static.gLgtPreDir[1].y, Mul(vNormal.x, U_Static.gLgtPreDir[1].x))), 0.0, 1.0), U_Static.gLgtPreCol[1].y)))), Power(Max(0.0, Mul(Texture(s0, TexParallaxX(TexMatrix(vTex0.x, vTex0.y, U_Mate.gTexMat[0].x, U_Mate.gTexMat[0].y, U_Mate.gTexMat[0].z, U_Mate.gTexMat[0].w), Texture(s1, TexMatrix(vTex0.x, vTex0.y, U_Mate.gTexMat[4].x, U_Mate.gTexMat[4].y, U_Mate.gTexMat[4].z, U_Mate.gTexMat[4].w), TexMatrix(vTex0.x, vTex0.y, U_Mate.gTexMat[5].x, U_Mate.gTexMat[5].y, U_Mate.gTexMat[5].z, U_Mate.gTexMat[5].w)).z), TexParallaxX(TexMatrix(vTex0.x, vTex0.y, U_Mate.gTexMat[1].x, U_Mate.gTexMat[1].y, U_Mate.gTexMat[1].z, U_Mate.gTexMat[1].w), Texture(s1, TexMatrix(vTex0.x, vTex0.y, U_Mate.gTexMat[4].x, U_Mate.gTexMat[4].y, U_Mate.gTexMat[4].z, U_Mate.gTexMat[4].w), TexMatrix(vTex0.x, vTex0.y, U_Mate.gTexMat[5].x, U_Mate.gTexMat[5].y, U_Mate.gTexMat[5].z, U_Mate.gTexMat[5].w)).z)).y, vColor.y)), U_Static.gCDep.w))), Fma(Power(Clamp(Fma(vPos.z, U_FOG.gFogPa[1].z, Fma(vPos.y, U_FOG.gFogPa[1].y, Mul(vPos.x, U_FOG.gFogPa[1].x))), 0.0, 1.0), U_FOG.gFogPa[4].w), U_FOG.gFogPa[4].y, Fma(MulRatio(Power(Clamp(Sub(1.0, Abs(Fma(vPos.z, U_FOG.gFogPa[0].z, Fma(vPos.y, U_FOG.gFogPa[0].y, Mul(vPos.x, U_FOG.gFogPa[0].x))))), 0.0, 1.0), U_FOG.gFogPa[3].w), vp_c1.data[0].x, Clamp(Mul(Sub(Power(Clamp(Sub(1.0, Abs(Fma(vPos.z, U_FOG.gFogPa[0].z, Fma(vPos.y, U_FOG.gFogPa[0].y, Mul(vPos.x, U_FOG.gFogPa[0].x))))), 0.0, 1.0), U_FOG.gFogPa[3].w), 0.8), 5.0), 0.0, 1.0)), U_FOG.gFogPa[3].y, U_FOG.gFogPa[2].y)), Mul(Mul(Power(Clamp(Mul(Sub(Sub(0.0, vPos.z), U_FOG.gFogPa[5].x), U_FOG.gFogPa[5].y), 0.0, 1.0), U_FOG.gFogPa[5].z), U_FOG.gFogPa[5].w), U_Mate.gWrkFl4.x))"
"o0.z": "Mix(Fma(Fma(Max(Min(100.0, U_Static.gLgtPreSpe[0].z), 0.4), Texture(s1, TexParallaxX(TexMatrix(vTex0.x, vTex0.y, U_Mate.gTexMat[6].x, U_Mate.gTexMat[6].y, U_Mate.gTexMat[6].z, U_Mate.gTexMat[6].w), U_Mate.gMatSpec.w), TexParallaxX(TexMatrix(vTex0.x, vTex0.y, U_Mate.gTexMat[7].x, U_Mate.gTexMat[7].y, U_Mate.gTexMat[7].z, U_Mate.gTexMat[7].w), U_Mate.gMatSpec.w)).y, Mul(Texture(gIBL, Fma(vNormal.x, 0.5, 0.5), Sub(1.0, Fma(vNormal.y, 0.5, 0.5))).w, U_Mate.gMatAmb.w)), U_Mate.gMatSpec.z, Mul(Fma(Max(0.0, Min(Fma(Mul(Texture(gIBL, Fma(vNormal.x, 0.5, 0.5), Sub(1.0, Fma(vNormal.y, 0.5, 0.5))).z, U_Mate.gMatAmb.z), -0.5, Texture(texLgt, Fma(Div(vPos.x, vPos.w), 0.5, 0.5), Fma(Div(vPos.y, vPos.w), -0.5, 0.5)).z), 10.0)), 2.0, Add(Mul(Texture(gIBL, Fma(vNormal.x, 0.5, 0.5), Sub(1.0, Fma(vNormal.y, 0.5, 0.5))).z, U_Mate.gMatAmb.z), Fma(Mul(Clamp(Fma(Sub(Abs(vNormal.z), 0.0), U_Static.gLgtPreDir[0].z, Fma(vNormal.y, U_Static.gLgtPreDir[0].y, Mul(vNormal.x, U_Static.gLgtPreDir[0].x))), 0.0, 1.0), U_Static.gLgtPreCol[0].z), Texture(texShadow, Fma(Div(vPos.x, vPos.w), 0.5, 0.5), Fma(Div(vPos.y, vPos.w), -0.5, 0.5)).x, Mul(Clamp(Fma(Sub(Abs(vNormal.z), 0.0), U_Static.gLgtPreDir[1].z, Fma(vNormal.y, U_Static.gLgtPreDir[1].y, Mul(vNormal.x, U_Static.gLgtPreDir[1].x))), 0.0, 1.0), U_Static.gLgtPreCol[1].z)))), Power(Max(0.0, Mul(Texture(s0, TexParallaxX(TexMatrix(vTex0.x, vTex0.y, U_Mate.gTexMat[0].x, U_Mate.gTexMat[0].y, U_Mate.gTexMat[0].z, U_Mate.gTexMat[0].w), Texture(s1, TexMatrix(vTex0.x, vTex0.y, U_Mate.gTexMat[4].x, U_Mate.gTexMat[4].y, U_Mate.gTexMat[4].z, U_Mate.gTexMat[4].w), TexMatrix(vTex0.x, vTex0.y, U_Mate.gTexMat[5].x, U_Mate.gTexMat[5].y, U_Mate.gTexMat[5].z, U_Mate.gTexMat[5].w)).z), TexParallaxX(TexMatrix(vTex0.x, vTex0.y, U_Mate.gTexMat[1].x, U_Mate.gTexMat[1].y, U_Mate.gTexMat[1].z, U_Mate.gTexMat[1].w), Texture(s1, TexMatrix(vTex0.x, vTex0.y, U_Mate.gTexMat[4].x, U_Mate.gTexMat[4].y, U_Mate.gTexMat[4].z, U_Mate.gTexMat[4].w), TexMatrix(vTex0.x, vTex0.y, U_Mate.gTexMat[5].x, U_Mate.gTexMat[5].y, U_Mate.gTexMat[5].z, U_Mate.gTexMat[5].w)).z)).z, vColor.z)), U_Static.gCDep.w))), Fma(Power(Clamp(Fma(vPos.z, U_FOG.gFogPa[1].z, Fma(vPos.y, U_FOG.gFogPa[1].y, Mul(vPos.x, U_FOG.gFogPa[1].x))), 0.0, 1.0), U_FOG.gFogPa[4].w), U_FOG.gFogPa[4].z, Fma(MulRatio(Power(Clamp(Sub(1.0, Abs(Fma(vPos.z, U_FOG.gFogPa[0].z, Fma(vPos.y, U_FOG.gFogPa[0].y, Mul(vPos.x, U_FOG.gFogPa[0].x))))), 0.0, 1.0), U_FOG.gFogPa[3].w), vp_c1.data[0].x, Clamp(Mul(Sub(Power(Clamp(Sub(1.0, Abs(Fma(vPos.z, U_FOG.gFogPa[0].z, Fma(vPos.y, U_FOG.gFogPa[0].y, Mul(vPos.x, U_FOG.gFogPa[0].x))))), 0.0, 1.0), U_FOG.gFogPa[3].w), 0.8), 5.0), 0.0, 1.0)), U_FOG.gFogPa[3].z, U_FOG.gFogPa[2].z)), Mul(Mul(Power(Clamp(Mul(Sub(Sub(0.0, vPos.z), U_FOG.gFogPa[5].x), U_FOG.gFogPa[5].y), 0.0, 1.0), U_FOG.gFogPa[5].z), U_FOG.gFogPa[5].w), U_Mate.gWrkFl4.x))"
"o0.w": "Mul(Mul(Texture(s0, TexMatrix(vTex0.x, vTex0.y, U_Mate.gTexMat[2].x, U_Mate.gTexMat[2].y, U_Mate.gTexMat[2].z, U_Mate.gTexMat[2].w), TexMatrix(vTex0.x, vTex0.y, U_Mate.gTexMat[3].x, U_Mate.gTexMat[3].y, U_Mate.gTexMat[3].z, U_Mate.gTexMat[3].w)).w, vColor.w), U_Mate.gAlInf.z)"
outline_width: None
normal_intensity: None
