---
source: xc3_shader/src/shader_database.rs
---
"o0.x": "Mul(Mul(Texture(s1, vTex0.x, vTex0.y).y, 0.5), Fma(Power(Clamp(Sub(1.0, Abs(Fma(Fma(vValInf.z, Sub(0.0, Mul(Fma(Fma(Texture(s2, vTex0.x, vTex0.y).y, vBitan.z, Fma(vNormal.z, Max(0.0, Sqrt(Sub(1.0, Fma(Texture(s2, vTex0.x, vTex0.y).y, Texture(s2, vTex0.x, vTex0.y).y, Mul(Texture(s2, vTex0.x, vTex0.y).x, Texture(s2, vTex0.x, vTex0.y).x))))), Mul(Texture(s2, vTex0.x, vTex0.y).x, vTan.z))), vValInf.z, Fma(NormalMapY(Texture(s2, vTex0.x, vTex0.y).x, Texture(s2, vTex0.x, vTex0.y).y), vValInf.y, Mul(NormalMapX(Texture(s2, vTex0.x, vTex0.y).x, Texture(s2, vTex0.x, vTex0.y).y), vValInf.x))), Clamp(Sub(1.0, Sqrt(vNormal.w)), 0.0, 1.0))), Fma(Texture(s2, vTex0.x, vTex0.y).y, vBitan.z, Fma(vNormal.z, Max(0.0, Sqrt(Sub(1.0, Fma(Texture(s2, vTex0.x, vTex0.y).y, Texture(s2, vTex0.x, vTex0.y).y, Mul(Texture(s2, vTex0.x, vTex0.y).x, Texture(s2, vTex0.x, vTex0.y).x))))), Mul(Texture(s2, vTex0.x, vTex0.y).x, vTan.z)))), vPos.z, Fma(Fma(vValInf.y, Sub(0.0, Mul(Fma(Fma(Texture(s2, vTex0.x, vTex0.y).y, vBitan.z, Fma(vNormal.z, Max(0.0, Sqrt(Sub(1.0, Fma(Texture(s2, vTex0.x, vTex0.y).y, Texture(s2, vTex0.x, vTex0.y).y, Mul(Texture(s2, vTex0.x, vTex0.y).x, Texture(s2, vTex0.x, vTex0.y).x))))), Mul(Texture(s2, vTex0.x, vTex0.y).x, vTan.z))), vValInf.z, Fma(NormalMapY(Texture(s2, vTex0.x, vTex0.y).x, Texture(s2, vTex0.x, vTex0.y).y), vValInf.y, Mul(NormalMapX(Texture(s2, vTex0.x, vTex0.y).x, Texture(s2, vTex0.x, vTex0.y).y), vValInf.x))), Clamp(Sub(1.0, Sqrt(vNormal.w)), 0.0, 1.0))), NormalMapY(Texture(s2, vTex0.x, vTex0.y).x, Texture(s2, vTex0.x, vTex0.y).y)), vPos.y, Mul(Fma(vValInf.x, Sub(0.0, Mul(Fma(Fma(Texture(s2, vTex0.x, vTex0.y).y, vBitan.z, Fma(vNormal.z, Max(0.0, Sqrt(Sub(1.0, Fma(Texture(s2, vTex0.x, vTex0.y).y, Texture(s2, vTex0.x, vTex0.y).y, Mul(Texture(s2, vTex0.x, vTex0.y).x, Texture(s2, vTex0.x, vTex0.y).x))))), Mul(Texture(s2, vTex0.x, vTex0.y).x, vTan.z))), vValInf.z, Fma(NormalMapY(Texture(s2, vTex0.x, vTex0.y).x, Texture(s2, vTex0.x, vTex0.y).y), vValInf.y, Mul(NormalMapX(Texture(s2, vTex0.x, vTex0.y).x, Texture(s2, vTex0.x, vTex0.y).y), vValInf.x))), Clamp(Sub(1.0, Sqrt(vNormal.w)), 0.0, 1.0))), NormalMapX(Texture(s2, vTex0.x, vTex0.y).x, Texture(s2, vTex0.x, vTex0.y).y)), vPos.x))))), 0.0, 1.0), U_Mate.gWrkCol[0].w), U_Mate.gWrkCol[0].x, Mul(Texture(gIBL, Clamp(Fma(Fma(vValInf.x, Sub(0.0, Mul(Fma(Fma(Texture(s2, vTex0.x, vTex0.y).y, vBitan.z, Fma(vNormal.z, Max(0.0, Sqrt(Sub(1.0, Fma(Texture(s2, vTex0.x, vTex0.y).y, Texture(s2, vTex0.x, vTex0.y).y, Mul(Texture(s2, vTex0.x, vTex0.y).x, Texture(s2, vTex0.x, vTex0.y).x))))), Mul(Texture(s2, vTex0.x, vTex0.y).x, vTan.z))), vValInf.z, Fma(NormalMapY(Texture(s2, vTex0.x, vTex0.y).x, Texture(s2, vTex0.x, vTex0.y).y), vValInf.y, Mul(NormalMapX(Texture(s2, vTex0.x, vTex0.y).x, Texture(s2, vTex0.x, vTex0.y).y), vValInf.x))), Clamp(Sub(1.0, Sqrt(vNormal.w)), 0.0, 1.0))), NormalMapX(Texture(s2, vTex0.x, vTex0.y).x, Texture(s2, vTex0.x, vTex0.y).y)), 0.5, 0.5), 0.0, 1.0), Clamp(Sub(1.0, Fma(Fma(vValInf.y, Sub(0.0, Mul(Fma(Fma(Texture(s2, vTex0.x, vTex0.y).y, vBitan.z, Fma(vNormal.z, Max(0.0, Sqrt(Sub(1.0, Fma(Texture(s2, vTex0.x, vTex0.y).y, Texture(s2, vTex0.x, vTex0.y).y, Mul(Texture(s2, vTex0.x, vTex0.y).x, Texture(s2, vTex0.x, vTex0.y).x))))), Mul(Texture(s2, vTex0.x, vTex0.y).x, vTan.z))), vValInf.z, Fma(NormalMapY(Texture(s2, vTex0.x, vTex0.y).x, Texture(s2, vTex0.x, vTex0.y).y), vValInf.y, Mul(NormalMapX(Texture(s2, vTex0.x, vTex0.y).x, Texture(s2, vTex0.x, vTex0.y).y), vValInf.x))), Clamp(Sub(1.0, Sqrt(vNormal.w)), 0.0, 1.0))), NormalMapY(Texture(s2, vTex0.x, vTex0.y).x, Texture(s2, vTex0.x, vTex0.y).y)), 0.5, 0.5)), 0.0, 1.0)).x, U_Mate.gMatAmb.x)))"
"o0.y": "Mul(Mul(Texture(s1, vTex0.x, vTex0.y).y, 0.5), Fma(Power(Clamp(Sub(1.0, Abs(Fma(Fma(vValInf.z, Sub(0.0, Mul(Fma(Fma(Texture(s2, vTex0.x, vTex0.y).y, vBitan.z, Fma(vNormal.z, Max(0.0, Sqrt(Sub(1.0, Fma(Texture(s2, vTex0.x, vTex0.y).y, Texture(s2, vTex0.x, vTex0.y).y, Mul(Texture(s2, vTex0.x, vTex0.y).x, Texture(s2, vTex0.x, vTex0.y).x))))), Mul(Texture(s2, vTex0.x, vTex0.y).x, vTan.z))), vValInf.z, Fma(NormalMapY(Texture(s2, vTex0.x, vTex0.y).x, Texture(s2, vTex0.x, vTex0.y).y), vValInf.y, Mul(NormalMapX(Texture(s2, vTex0.x, vTex0.y).x, Texture(s2, vTex0.x, vTex0.y).y), vValInf.x))), Clamp(Sub(1.0, Sqrt(vNormal.w)), 0.0, 1.0))), Fma(Texture(s2, vTex0.x, vTex0.y).y, vBitan.z, Fma(vNormal.z, Max(0.0, Sqrt(Sub(1.0, Fma(Texture(s2, vTex0.x, vTex0.y).y, Texture(s2, vTex0.x, vTex0.y).y, Mul(Texture(s2, vTex0.x, vTex0.y).x, Texture(s2, vTex0.x, vTex0.y).x))))), Mul(Texture(s2, vTex0.x, vTex0.y).x, vTan.z)))), vPos.z, Fma(Fma(vValInf.y, Sub(0.0, Mul(Fma(Fma(Texture(s2, vTex0.x, vTex0.y).y, vBitan.z, Fma(vNormal.z, Max(0.0, Sqrt(Sub(1.0, Fma(Texture(s2, vTex0.x, vTex0.y).y, Texture(s2, vTex0.x, vTex0.y).y, Mul(Texture(s2, vTex0.x, vTex0.y).x, Texture(s2, vTex0.x, vTex0.y).x))))), Mul(Texture(s2, vTex0.x, vTex0.y).x, vTan.z))), vValInf.z, Fma(NormalMapY(Texture(s2, vTex0.x, vTex0.y).x, Texture(s2, vTex0.x, vTex0.y).y), vValInf.y, Mul(NormalMapX(Texture(s2, vTex0.x, vTex0.y).x, Texture(s2, vTex0.x, vTex0.y).y), vValInf.x))), Clamp(Sub(1.0, Sqrt(vNormal.w)), 0.0, 1.0))), NormalMapY(Texture(s2, vTex0.x, vTex0.y).x, Texture(s2, vTex0.x, vTex0.y).y)), vPos.y, Mul(Fma(vValInf.x, Sub(0.0, Mul(Fma(Fma(Texture(s2, vTex0.x, vTex0.y).y, vBitan.z, Fma(vNormal.z, Max(0.0, Sqrt(Sub(1.0, Fma(Texture(s2, vTex0.x, vTex0.y).y, Texture(s2, vTex0.x, vTex0.y).y, Mul(Texture(s2, vTex0.x, vTex0.y).x, Texture(s2, vTex0.x, vTex0.y).x))))), Mul(Texture(s2, vTex0.x, vTex0.y).x, vTan.z))), vValInf.z, Fma(NormalMapY(Texture(s2, vTex0.x, vTex0.y).x, Texture(s2, vTex0.x, vTex0.y).y), vValInf.y, Mul(NormalMapX(Texture(s2, vTex0.x, vTex0.y).x, Texture(s2, vTex0.x, vTex0.y).y), vValInf.x))), Clamp(Sub(1.0, Sqrt(vNormal.w)), 0.0, 1.0))), NormalMapX(Texture(s2, vTex0.x, vTex0.y).x, Texture(s2, vTex0.x, vTex0.y).y)), vPos.x))))), 0.0, 1.0), U_Mate.gWrkCol[0].w), U_Mate.gWrkCol[0].y, Mul(Texture(gIBL, Clamp(Fma(Fma(vValInf.x, Sub(0.0, Mul(Fma(Fma(Texture(s2, vTex0.x, vTex0.y).y, vBitan.z, Fma(vNormal.z, Max(0.0, Sqrt(Sub(1.0, Fma(Texture(s2, vTex0.x, vTex0.y).y, Texture(s2, vTex0.x, vTex0.y).y, Mul(Texture(s2, vTex0.x, vTex0.y).x, Texture(s2, vTex0.x, vTex0.y).x))))), Mul(Texture(s2, vTex0.x, vTex0.y).x, vTan.z))), vValInf.z, Fma(NormalMapY(Texture(s2, vTex0.x, vTex0.y).x, Texture(s2, vTex0.x, vTex0.y).y), vValInf.y, Mul(NormalMapX(Texture(s2, vTex0.x, vTex0.y).x, Texture(s2, vTex0.x, vTex0.y).y), vValInf.x))), Clamp(Sub(1.0, Sqrt(vNormal.w)), 0.0, 1.0))), NormalMapX(Texture(s2, vTex0.x, vTex0.y).x, Texture(s2, vTex0.x, vTex0.y).y)), 0.5, 0.5), 0.0, 1.0), Clamp(Sub(1.0, Fma(Fma(vValInf.y, Sub(0.0, Mul(Fma(Fma(Texture(s2, vTex0.x, vTex0.y).y, vBitan.z, Fma(vNormal.z, Max(0.0, Sqrt(Sub(1.0, Fma(Texture(s2, vTex0.x, vTex0.y).y, Texture(s2, vTex0.x, vTex0.y).y, Mul(Texture(s2, vTex0.x, vTex0.y).x, Texture(s2, vTex0.x, vTex0.y).x))))), Mul(Texture(s2, vTex0.x, vTex0.y).x, vTan.z))), vValInf.z, Fma(NormalMapY(Texture(s2, vTex0.x, vTex0.y).x, Texture(s2, vTex0.x, vTex0.y).y), vValInf.y, Mul(NormalMapX(Texture(s2, vTex0.x, vTex0.y).x, Texture(s2, vTex0.x, vTex0.y).y), vValInf.x))), Clamp(Sub(1.0, Sqrt(vNormal.w)), 0.0, 1.0))), NormalMapY(Texture(s2, vTex0.x, vTex0.y).x, Texture(s2, vTex0.x, vTex0.y).y)), 0.5, 0.5)), 0.0, 1.0)).y, U_Mate.gMatAmb.y)))"
"o0.z": "Mul(Mul(Texture(s1, vTex0.x, vTex0.y).y, 0.5), Fma(Power(Clamp(Sub(1.0, Abs(Fma(Fma(vValInf.z, Sub(0.0, Mul(Fma(Fma(Texture(s2, vTex0.x, vTex0.y).y, vBitan.z, Fma(vNormal.z, Max(0.0, Sqrt(Sub(1.0, Fma(Texture(s2, vTex0.x, vTex0.y).y, Texture(s2, vTex0.x, vTex0.y).y, Mul(Texture(s2, vTex0.x, vTex0.y).x, Texture(s2, vTex0.x, vTex0.y).x))))), Mul(Texture(s2, vTex0.x, vTex0.y).x, vTan.z))), vValInf.z, Fma(NormalMapY(Texture(s2, vTex0.x, vTex0.y).x, Texture(s2, vTex0.x, vTex0.y).y), vValInf.y, Mul(NormalMapX(Texture(s2, vTex0.x, vTex0.y).x, Texture(s2, vTex0.x, vTex0.y).y), vValInf.x))), Clamp(Sub(1.0, Sqrt(vNormal.w)), 0.0, 1.0))), Fma(Texture(s2, vTex0.x, vTex0.y).y, vBitan.z, Fma(vNormal.z, Max(0.0, Sqrt(Sub(1.0, Fma(Texture(s2, vTex0.x, vTex0.y).y, Texture(s2, vTex0.x, vTex0.y).y, Mul(Texture(s2, vTex0.x, vTex0.y).x, Texture(s2, vTex0.x, vTex0.y).x))))), Mul(Texture(s2, vTex0.x, vTex0.y).x, vTan.z)))), vPos.z, Fma(Fma(vValInf.y, Sub(0.0, Mul(Fma(Fma(Texture(s2, vTex0.x, vTex0.y).y, vBitan.z, Fma(vNormal.z, Max(0.0, Sqrt(Sub(1.0, Fma(Texture(s2, vTex0.x, vTex0.y).y, Texture(s2, vTex0.x, vTex0.y).y, Mul(Texture(s2, vTex0.x, vTex0.y).x, Texture(s2, vTex0.x, vTex0.y).x))))), Mul(Texture(s2, vTex0.x, vTex0.y).x, vTan.z))), vValInf.z, Fma(NormalMapY(Texture(s2, vTex0.x, vTex0.y).x, Texture(s2, vTex0.x, vTex0.y).y), vValInf.y, Mul(NormalMapX(Texture(s2, vTex0.x, vTex0.y).x, Texture(s2, vTex0.x, vTex0.y).y), vValInf.x))), Clamp(Sub(1.0, Sqrt(vNormal.w)), 0.0, 1.0))), NormalMapY(Texture(s2, vTex0.x, vTex0.y).x, Texture(s2, vTex0.x, vTex0.y).y)), vPos.y, Mul(Fma(vValInf.x, Sub(0.0, Mul(Fma(Fma(Texture(s2, vTex0.x, vTex0.y).y, vBitan.z, Fma(vNormal.z, Max(0.0, Sqrt(Sub(1.0, Fma(Texture(s2, vTex0.x, vTex0.y).y, Texture(s2, vTex0.x, vTex0.y).y, Mul(Texture(s2, vTex0.x, vTex0.y).x, Texture(s2, vTex0.x, vTex0.y).x))))), Mul(Texture(s2, vTex0.x, vTex0.y).x, vTan.z))), vValInf.z, Fma(NormalMapY(Texture(s2, vTex0.x, vTex0.y).x, Texture(s2, vTex0.x, vTex0.y).y), vValInf.y, Mul(NormalMapX(Texture(s2, vTex0.x, vTex0.y).x, Texture(s2, vTex0.x, vTex0.y).y), vValInf.x))), Clamp(Sub(1.0, Sqrt(vNormal.w)), 0.0, 1.0))), NormalMapX(Texture(s2, vTex0.x, vTex0.y).x, Texture(s2, vTex0.x, vTex0.y).y)), vPos.x))))), 0.0, 1.0), U_Mate.gWrkCol[0].w), U_Mate.gWrkCol[0].z, Mul(Texture(gIBL, Clamp(Fma(Fma(vValInf.x, Sub(0.0, Mul(Fma(Fma(Texture(s2, vTex0.x, vTex0.y).y, vBitan.z, Fma(vNormal.z, Max(0.0, Sqrt(Sub(1.0, Fma(Texture(s2, vTex0.x, vTex0.y).y, Texture(s2, vTex0.x, vTex0.y).y, Mul(Texture(s2, vTex0.x, vTex0.y).x, Texture(s2, vTex0.x, vTex0.y).x))))), Mul(Texture(s2, vTex0.x, vTex0.y).x, vTan.z))), vValInf.z, Fma(NormalMapY(Texture(s2, vTex0.x, vTex0.y).x, Texture(s2, vTex0.x, vTex0.y).y), vValInf.y, Mul(NormalMapX(Texture(s2, vTex0.x, vTex0.y).x, Texture(s2, vTex0.x, vTex0.y).y), vValInf.x))), Clamp(Sub(1.0, Sqrt(vNormal.w)), 0.0, 1.0))), NormalMapX(Texture(s2, vTex0.x, vTex0.y).x, Texture(s2, vTex0.x, vTex0.y).y)), 0.5, 0.5), 0.0, 1.0), Clamp(Sub(1.0, Fma(Fma(vValInf.y, Sub(0.0, Mul(Fma(Fma(Texture(s2, vTex0.x, vTex0.y).y, vBitan.z, Fma(vNormal.z, Max(0.0, Sqrt(Sub(1.0, Fma(Texture(s2, vTex0.x, vTex0.y).y, Texture(s2, vTex0.x, vTex0.y).y, Mul(Texture(s2, vTex0.x, vTex0.y).x, Texture(s2, vTex0.x, vTex0.y).x))))), Mul(Texture(s2, vTex0.x, vTex0.y).x, vTan.z))), vValInf.z, Fma(NormalMapY(Texture(s2, vTex0.x, vTex0.y).x, Texture(s2, vTex0.x, vTex0.y).y), vValInf.y, Mul(NormalMapX(Texture(s2, vTex0.x, vTex0.y).x, Texture(s2, vTex0.x, vTex0.y).y), vValInf.x))), Clamp(Sub(1.0, Sqrt(vNormal.w)), 0.0, 1.0))), NormalMapY(Texture(s2, vTex0.x, vTex0.y).x, Texture(s2, vTex0.x, vTex0.y).y)), 0.5, 0.5)), 0.0, 1.0)).z, U_Mate.gMatAmb.z)))"
"o0.w": "Mul(Mul(Texture(gIBL, Clamp(Fma(Fma(vValInf.x, Sub(0.0, Mul(Fma(Fma(Texture(s2, vTex0.x, vTex0.y).y, vBitan.z, Fma(vNormal.z, Max(0.0, Sqrt(Sub(1.0, Fma(Texture(s2, vTex0.x, vTex0.y).y, Texture(s2, vTex0.x, vTex0.y).y, Mul(Texture(s2, vTex0.x, vTex0.y).x, Texture(s2, vTex0.x, vTex0.y).x))))), Mul(Texture(s2, vTex0.x, vTex0.y).x, vTan.z))), vValInf.z, Fma(NormalMapY(Texture(s2, vTex0.x, vTex0.y).x, Texture(s2, vTex0.x, vTex0.y).y), vValInf.y, Mul(NormalMapX(Texture(s2, vTex0.x, vTex0.y).x, Texture(s2, vTex0.x, vTex0.y).y), vValInf.x))), Clamp(Sub(1.0, Sqrt(vNormal.w)), 0.0, 1.0))), NormalMapX(Texture(s2, vTex0.x, vTex0.y).x, Texture(s2, vTex0.x, vTex0.y).y)), 0.5, 0.5), 0.0, 1.0), Clamp(Sub(1.0, Fma(Fma(vValInf.y, Sub(0.0, Mul(Fma(Fma(Texture(s2, vTex0.x, vTex0.y).y, vBitan.z, Fma(vNormal.z, Max(0.0, Sqrt(Sub(1.0, Fma(Texture(s2, vTex0.x, vTex0.y).y, Texture(s2, vTex0.x, vTex0.y).y, Mul(Texture(s2, vTex0.x, vTex0.y).x, Texture(s2, vTex0.x, vTex0.y).x))))), Mul(Texture(s2, vTex0.x, vTex0.y).x, vTan.z))), vValInf.z, Fma(NormalMapY(Texture(s2, vTex0.x, vTex0.y).x, Texture(s2, vTex0.x, vTex0.y).y), vValInf.y, Mul(NormalMapX(Texture(s2, vTex0.x, vTex0.y).x, Texture(s2, vTex0.x, vTex0.y).y), vValInf.x))), Clamp(Sub(1.0, Sqrt(vNormal.w)), 0.0, 1.0))), NormalMapY(Texture(s2, vTex0.x, vTex0.y).x, Texture(s2, vTex0.x, vTex0.y).y)), 0.5, 0.5)), 0.0, 1.0)).w, 0.5), U_Mate.gMatAmb.w)"
"o1.x": "Fma(Texture(s1, vTex0.x, vTex0.y).x, Texture(texRef, MulRatio(0.5, -2.0, 0.5), MulRatio(0.5, -2.0, 0.5)).x, Texture(s0, vTex0.x, vTex0.y).x)"
"o1.y": "Fma(Texture(s1, vTex0.x, vTex0.y).x, Texture(texRef, MulRatio(0.5, -2.0, 0.5), MulRatio(0.5, -2.0, 0.5)).y, Texture(s0, vTex0.x, vTex0.y).y)"
"o1.z": "Fma(Texture(s1, vTex0.x, vTex0.y).x, Texture(texRef, MulRatio(0.5, -2.0, 0.5), MulRatio(0.5, -2.0, 0.5)).z, Texture(s0, vTex0.x, vTex0.y).z)"
"o1.w": "0.0"
"o2.x": "Texture(s2, vTex0.x, vTex0.y).x"
"o2.y": "Texture(s2, vTex0.x, vTex0.y).y"
"o2.z": "0.0"
"o3.x": "Texture(s3, vTex0.x, vTex0.y).x"
"o3.y": "Texture(s3, vTex0.x, vTex0.y).y"
"o3.z": "Texture(s3, vTex0.x, vTex0.y).z"
"o3.w": "U_Mate.gWrkFl4.x"
"o4.x": "Mul(Fma(0.0, Sub(0.0, Sub(Mul(Min(Mul(Sub(vPos.x, U_Static.gCDep.y), U_Static.gCDep.z), 8191.9995), 8.0), Floor(Mul(Min(Mul(Sub(vPos.x, U_Static.gCDep.y), U_Static.gCDep.z), 8191.9995), 8.0)))), Sub(Mul(Min(Mul(Sub(vPos.x, U_Static.gCDep.y), U_Static.gCDep.z), 8191.9995), 8.0), Floor(Mul(Min(Mul(Sub(vPos.x, U_Static.gCDep.y), U_Static.gCDep.z), 8191.9995), 8.0)))), 1.0039216)"
"o4.y": "Mul(Mix(Sub(Mul(Min(Mul(Sub(vPos.x, U_Static.gCDep.y), U_Static.gCDep.z), 8191.9995), 0.03125), Floor(Mul(Min(Mul(Sub(vPos.x, U_Static.gCDep.y), U_Static.gCDep.z), 8191.9995), 0.03125))), Mul(Min(Mul(Sub(vPos.x, U_Static.gCDep.y), U_Static.gCDep.z), 8191.9995), 8.0), -0.00390625), 1.0039216)"
"o4.z": "Mul(Mix(Sub(Mul(Min(Mul(Sub(vPos.x, U_Static.gCDep.y), U_Static.gCDep.z), 8191.9995), 0.00012207031), Floor(Mul(Min(Mul(Sub(vPos.x, U_Static.gCDep.y), U_Static.gCDep.z), 8191.9995), 0.00012207031))), Mul(Min(Mul(Sub(vPos.x, U_Static.gCDep.y), U_Static.gCDep.z), 8191.9995), 0.03125), -0.00390625), 1.0039216)"
"o4.w": "Texture(s1, vTex0.x, vTex0.y).z"
"o6.x": "1.0"
"o6.y": "1.0"
"o6.z": "1.0"
"o6.w": "0.0"
outline_width: None
normal_intensity: None
